<?xml version="1.0" encoding="ISO-8859-1" ?>
<link_info>
   <banner>TMS320C2000 Linker PC v21.6.0.LTS</banner>
   <copyright>Copyright (c) 1996-2018 Texas Instruments Incorporated</copyright>
   <link_time>0x637ac63f</link_time>
   <link_errors>0x0</link_errors>
   <output_file>quadStarter_f28027.out</output_file>
   <entry_point>
      <name>_c_int00</name>
      <address>0x3f7dbd</address>
   </entry_point>
   <input_file_list>
      <input_file id="fl-2">
         <path>.\</path>
         <kind>object</kind>
         <file>F2802x_GlobalVariableDefs.obj</file>
         <name>F2802x_GlobalVariableDefs.obj</name>
      </input_file>
      <input_file id="fl-3">
         <path>.\</path>
         <kind>object</kind>
         <file>MadgwickAHRS.obj</file>
         <name>MadgwickAHRS.obj</name>
      </input_file>
      <input_file id="fl-4">
         <path>.\</path>
         <kind>object</kind>
         <file>f28027Serial.obj</file>
         <name>f28027Serial.obj</name>
      </input_file>
      <input_file id="fl-5">
         <path>.\</path>
         <kind>object</kind>
         <file>f2802x_adc.obj</file>
         <name>f2802x_adc.obj</name>
      </input_file>
      <input_file id="fl-6">
         <path>.\</path>
         <kind>object</kind>
         <file>f2802x_codestartbranch.obj</file>
         <name>f2802x_codestartbranch.obj</name>
      </input_file>
      <input_file id="fl-7">
         <path>.\</path>
         <kind>object</kind>
         <file>f2802x_cputimers.obj</file>
         <name>f2802x_cputimers.obj</name>
      </input_file>
      <input_file id="fl-8">
         <path>.\</path>
         <kind>object</kind>
         <file>f2802x_defaultisr.obj</file>
         <name>f2802x_defaultisr.obj</name>
      </input_file>
      <input_file id="fl-9">
         <path>.\</path>
         <kind>object</kind>
         <file>f2802x_epwm.obj</file>
         <name>f2802x_epwm.obj</name>
      </input_file>
      <input_file id="fl-a">
         <path>.\</path>
         <kind>object</kind>
         <file>f2802x_gpio.obj</file>
         <name>f2802x_gpio.obj</name>
      </input_file>
      <input_file id="fl-b">
         <path>.\</path>
         <kind>object</kind>
         <file>f2802x_piectrl.obj</file>
         <name>f2802x_piectrl.obj</name>
      </input_file>
      <input_file id="fl-c">
         <path>.\</path>
         <kind>object</kind>
         <file>f2802x_pievect.obj</file>
         <name>f2802x_pievect.obj</name>
      </input_file>
      <input_file id="fl-d">
         <path>.\</path>
         <kind>object</kind>
         <file>f2802x_sci.obj</file>
         <name>f2802x_sci.obj</name>
      </input_file>
      <input_file id="fl-e">
         <path>.\</path>
         <kind>object</kind>
         <file>f2802x_spi.obj</file>
         <name>f2802x_spi.obj</name>
      </input_file>
      <input_file id="fl-f">
         <path>.\</path>
         <kind>object</kind>
         <file>f2802x_sysctrl.obj</file>
         <name>f2802x_sysctrl.obj</name>
      </input_file>
      <input_file id="fl-10">
         <path>.\</path>
         <kind>object</kind>
         <file>f2802x_usdelay.obj</file>
         <name>f2802x_usdelay.obj</name>
      </input_file>
      <input_file id="fl-11">
         <path>.\</path>
         <kind>object</kind>
         <file>quad_main.obj</file>
         <name>quad_main.obj</name>
      </input_file>
      <input_file id="fl-16">
         <kind>object</kind>
         <file>&lt;internal&gt;</file>
         <name>&lt;internal&gt;</name>
      </input_file>
      <input_file id="fl-22">
         <path>C:\ti\ccs1120\ccs\tools\compiler\ti-cgt-c2000_21.6.0.LTS\lib\</path>
         <kind>archive</kind>
         <file>rts2800_ml.lib</file>
         <name>vsprintf.c.obj</name>
      </input_file>
      <input_file id="fl-23">
         <path>C:\ti\ccs1120\ccs\tools\compiler\ti-cgt-c2000_21.6.0.LTS\lib\</path>
         <kind>archive</kind>
         <file>rts2800_ml.lib</file>
         <name>e_atan2f.c.obj</name>
      </input_file>
      <input_file id="fl-24">
         <path>C:\ti\ccs1120\ccs\tools\compiler\ti-cgt-c2000_21.6.0.LTS\lib\</path>
         <kind>archive</kind>
         <file>rts2800_ml.lib</file>
         <name>e_sqrtf.c.obj</name>
      </input_file>
      <input_file id="fl-25">
         <path>C:\ti\ccs1120\ccs\tools\compiler\ti-cgt-c2000_21.6.0.LTS\lib\</path>
         <kind>archive</kind>
         <file>rts2800_ml.lib</file>
         <name>s_atanf.c.obj</name>
      </input_file>
      <input_file id="fl-26">
         <path>C:\ti\ccs1120\ccs\tools\compiler\ti-cgt-c2000_21.6.0.LTS\lib\</path>
         <kind>archive</kind>
         <file>rts2800_ml.lib</file>
         <name>boot28.asm.obj</name>
      </input_file>
      <input_file id="fl-27">
         <path>C:\ti\ccs1120\ccs\tools\compiler\ti-cgt-c2000_21.6.0.LTS\lib\</path>
         <kind>archive</kind>
         <file>rts2800_ml.lib</file>
         <name>fs_add28.asm.obj</name>
      </input_file>
      <input_file id="fl-28">
         <path>C:\ti\ccs1120\ccs\tools\compiler\ti-cgt-c2000_21.6.0.LTS\lib\</path>
         <kind>archive</kind>
         <file>rts2800_ml.lib</file>
         <name>fs_cmp28.asm.obj</name>
      </input_file>
      <input_file id="fl-29">
         <path>C:\ti\ccs1120\ccs\tools\compiler\ti-cgt-c2000_21.6.0.LTS\lib\</path>
         <kind>archive</kind>
         <file>rts2800_ml.lib</file>
         <name>fs_div28.asm.obj</name>
      </input_file>
      <input_file id="fl-2a">
         <path>C:\ti\ccs1120\ccs\tools\compiler\ti-cgt-c2000_21.6.0.LTS\lib\</path>
         <kind>archive</kind>
         <file>rts2800_ml.lib</file>
         <name>fs_mpy28.asm.obj</name>
      </input_file>
      <input_file id="fl-2b">
         <path>C:\ti\ccs1120\ccs\tools\compiler\ti-cgt-c2000_21.6.0.LTS\lib\</path>
         <kind>archive</kind>
         <file>rts2800_ml.lib</file>
         <name>fs_neg28.asm.obj</name>
      </input_file>
      <input_file id="fl-2c">
         <path>C:\ti\ccs1120\ccs\tools\compiler\ti-cgt-c2000_21.6.0.LTS\lib\</path>
         <kind>archive</kind>
         <file>rts2800_ml.lib</file>
         <name>fs_tol28.asm.obj</name>
      </input_file>
      <input_file id="fl-2d">
         <path>C:\ti\ccs1120\ccs\tools\compiler\ti-cgt-c2000_21.6.0.LTS\lib\</path>
         <kind>archive</kind>
         <file>rts2800_ml.lib</file>
         <name>i_tofs28.asm.obj</name>
      </input_file>
      <input_file id="fl-2e">
         <path>C:\ti\ccs1120\ccs\tools\compiler\ti-cgt-c2000_21.6.0.LTS\lib\</path>
         <kind>archive</kind>
         <file>rts2800_ml.lib</file>
         <name>u_div28.asm.obj</name>
      </input_file>
      <input_file id="fl-2f">
         <path>C:\ti\ccs1120\ccs\tools\compiler\ti-cgt-c2000_21.6.0.LTS\lib\</path>
         <kind>archive</kind>
         <file>rts2800_ml.lib</file>
         <name>l_div28.asm.obj</name>
      </input_file>
      <input_file id="fl-30">
         <path>C:\ti\ccs1120\ccs\tools\compiler\ti-cgt-c2000_21.6.0.LTS\lib\</path>
         <kind>archive</kind>
         <file>rts2800_ml.lib</file>
         <name>cpy_tbl.c.obj</name>
      </input_file>
      <input_file id="fl-31">
         <path>C:\ti\ccs1120\ccs\tools\compiler\ti-cgt-c2000_21.6.0.LTS\lib\</path>
         <kind>archive</kind>
         <file>rts2800_ml.lib</file>
         <name>memcpy.c.obj</name>
      </input_file>
      <input_file id="fl-32">
         <path>C:\ti\ccs1120\ccs\tools\compiler\ti-cgt-c2000_21.6.0.LTS\lib\</path>
         <kind>archive</kind>
         <file>rts2800_ml.lib</file>
         <name>pre_init.c.obj</name>
      </input_file>
      <input_file id="fl-33">
         <path>C:\ti\ccs1120\ccs\tools\compiler\ti-cgt-c2000_21.6.0.LTS\lib\</path>
         <kind>archive</kind>
         <file>rts2800_ml.lib</file>
         <name>startup.c.obj</name>
      </input_file>
      <input_file id="fl-34">
         <path>C:\ti\ccs1120\ccs\tools\compiler\ti-cgt-c2000_21.6.0.LTS\lib\</path>
         <kind>archive</kind>
         <file>rts2800_ml.lib</file>
         <name>exit.c.obj</name>
      </input_file>
      <input_file id="fl-35">
         <path>C:\ti\ccs1120\ccs\tools\compiler\ti-cgt-c2000_21.6.0.LTS\lib\</path>
         <kind>archive</kind>
         <file>rts2800_ml.lib</file>
         <name>_lock.c.obj</name>
      </input_file>
      <input_file id="fl-36">
         <path>C:\ti\ccs1120\ccs\tools\compiler\ti-cgt-c2000_21.6.0.LTS\lib\</path>
         <kind>archive</kind>
         <file>rts2800_ml.lib</file>
         <name>args_main.c.obj</name>
      </input_file>
      <input_file id="fl-37">
         <path>C:\ti\ccs1120\ccs\tools\compiler\ti-cgt-c2000_21.6.0.LTS\lib\</path>
         <kind>archive</kind>
         <file>rts2800_ml.lib</file>
         <name>strlen.c.obj</name>
      </input_file>
      <input_file id="fl-38">
         <path>C:\ti\ccs1120\ccs\tools\compiler\ti-cgt-c2000_21.6.0.LTS\lib\</path>
         <kind>archive</kind>
         <file>rts2800_ml.lib</file>
         <name>errno.c.obj</name>
      </input_file>
      <input_file id="fl-39">
         <path>C:\ti\ccs1120\ccs\tools\compiler\ti-cgt-c2000_21.6.0.LTS\lib\</path>
         <kind>archive</kind>
         <file>rts2800_ml.lib</file>
         <name>_printfi.c.obj</name>
      </input_file>
      <input_file id="fl-3a">
         <path>C:\ti\ccs1120\ccs\tools\compiler\ti-cgt-c2000_21.6.0.LTS\lib\</path>
         <kind>archive</kind>
         <file>rts2800_ml.lib</file>
         <name>s_frexp.c.obj</name>
      </input_file>
      <input_file id="fl-3b">
         <path>C:\ti\ccs1120\ccs\tools\compiler\ti-cgt-c2000_21.6.0.LTS\lib\</path>
         <kind>archive</kind>
         <file>rts2800_ml.lib</file>
         <name>s_scalbn.c.obj</name>
      </input_file>
      <input_file id="fl-3c">
         <path>C:\ti\ccs1120\ccs\tools\compiler\ti-cgt-c2000_21.6.0.LTS\lib\</path>
         <kind>archive</kind>
         <file>rts2800_ml.lib</file>
         <name>fd_add28.asm.obj</name>
      </input_file>
      <input_file id="fl-3d">
         <path>C:\ti\ccs1120\ccs\tools\compiler\ti-cgt-c2000_21.6.0.LTS\lib\</path>
         <kind>archive</kind>
         <file>rts2800_ml.lib</file>
         <name>fd_cmp28.asm.obj</name>
      </input_file>
      <input_file id="fl-3e">
         <path>C:\ti\ccs1120\ccs\tools\compiler\ti-cgt-c2000_21.6.0.LTS\lib\</path>
         <kind>archive</kind>
         <file>rts2800_ml.lib</file>
         <name>fd_mpy28.asm.obj</name>
      </input_file>
      <input_file id="fl-3f">
         <path>C:\ti\ccs1120\ccs\tools\compiler\ti-cgt-c2000_21.6.0.LTS\lib\</path>
         <kind>archive</kind>
         <file>rts2800_ml.lib</file>
         <name>fd_neg28.asm.obj</name>
      </input_file>
      <input_file id="fl-40">
         <path>C:\ti\ccs1120\ccs\tools\compiler\ti-cgt-c2000_21.6.0.LTS\lib\</path>
         <kind>archive</kind>
         <file>rts2800_ml.lib</file>
         <name>fd_sub28.asm.obj</name>
      </input_file>
      <input_file id="fl-41">
         <path>C:\ti\ccs1120\ccs\tools\compiler\ti-cgt-c2000_21.6.0.LTS\lib\</path>
         <kind>archive</kind>
         <file>rts2800_ml.lib</file>
         <name>fd_toi28.asm.obj</name>
      </input_file>
      <input_file id="fl-42">
         <path>C:\ti\ccs1120\ccs\tools\compiler\ti-cgt-c2000_21.6.0.LTS\lib\</path>
         <kind>archive</kind>
         <file>rts2800_ml.lib</file>
         <name>fd_tol28.asm.obj</name>
      </input_file>
      <input_file id="fl-43">
         <path>C:\ti\ccs1120\ccs\tools\compiler\ti-cgt-c2000_21.6.0.LTS\lib\</path>
         <kind>archive</kind>
         <file>rts2800_ml.lib</file>
         <name>ll_aox28.asm.obj</name>
      </input_file>
      <input_file id="fl-44">
         <path>C:\ti\ccs1120\ccs\tools\compiler\ti-cgt-c2000_21.6.0.LTS\lib\</path>
         <kind>archive</kind>
         <file>rts2800_ml.lib</file>
         <name>ll_cmp28.asm.obj</name>
      </input_file>
      <input_file id="fl-45">
         <path>C:\ti\ccs1120\ccs\tools\compiler\ti-cgt-c2000_21.6.0.LTS\lib\</path>
         <kind>archive</kind>
         <file>rts2800_ml.lib</file>
         <name>ll_div28.asm.obj</name>
      </input_file>
      <input_file id="fl-46">
         <path>C:\ti\ccs1120\ccs\tools\compiler\ti-cgt-c2000_21.6.0.LTS\lib\</path>
         <kind>archive</kind>
         <file>rts2800_ml.lib</file>
         <name>i_tofd28.asm.obj</name>
      </input_file>
      <input_file id="fl-47">
         <path>C:\ti\ccs1120\ccs\tools\compiler\ti-cgt-c2000_21.6.0.LTS\lib\</path>
         <kind>archive</kind>
         <file>rts2800_ml.lib</file>
         <name>l_tofd28.asm.obj</name>
      </input_file>
      <input_file id="fl-48">
         <path>C:\ti\ccs1120\ccs\tools\compiler\ti-cgt-c2000_21.6.0.LTS\lib\</path>
         <kind>archive</kind>
         <file>rts2800_ml.lib</file>
         <name>fs_tofd28.asm.obj</name>
      </input_file>
      <input_file id="fl-49">
         <path>C:\ti\ccs1120\ccs\tools\compiler\ti-cgt-c2000_21.6.0.LTS\lib\</path>
         <kind>archive</kind>
         <file>rts2800_ml.lib</file>
         <name>fd_div28.asm.obj</name>
      </input_file>
      <input_file id="fl-4a">
         <path>C:\ti\ccs1120\ccs\tools\compiler\ti-cgt-c2000_21.6.0.LTS\lib\</path>
         <kind>archive</kind>
         <file>rts2800_ml.lib</file>
         <name>_ltoa.c.obj</name>
      </input_file>
      <input_file id="fl-4b">
         <path>C:\ti\ccs1120\ccs\tools\compiler\ti-cgt-c2000_21.6.0.LTS\lib\</path>
         <kind>archive</kind>
         <file>rts2800_ml.lib</file>
         <name>atoi.c.obj</name>
      </input_file>
      <input_file id="fl-4c">
         <path>C:\ti\ccs1120\ccs\tools\compiler\ti-cgt-c2000_21.6.0.LTS\lib\</path>
         <kind>archive</kind>
         <file>rts2800_ml.lib</file>
         <name>ctype.c.obj</name>
      </input_file>
      <input_file id="fl-4d">
         <path>C:\ti\ccs1120\ccs\tools\compiler\ti-cgt-c2000_21.6.0.LTS\lib\</path>
         <kind>archive</kind>
         <file>rts2800_ml.lib</file>
         <name>memccpy.c.obj</name>
      </input_file>
      <input_file id="fl-4e">
         <path>C:\ti\ccs1120\ccs\tools\compiler\ti-cgt-c2000_21.6.0.LTS\lib\</path>
         <kind>archive</kind>
         <file>rts2800_ml.lib</file>
         <name>memset.c.obj</name>
      </input_file>
      <input_file id="fl-4f">
         <path>C:\ti\ccs1120\ccs\tools\compiler\ti-cgt-c2000_21.6.0.LTS\lib\</path>
         <kind>archive</kind>
         <file>rts2800_ml.lib</file>
         <name>strchr.c.obj</name>
      </input_file>
      <input_file id="fl-50">
         <path>C:\ti\ccs1120\ccs\tools\compiler\ti-cgt-c2000_21.6.0.LTS\lib\</path>
         <kind>archive</kind>
         <file>rts2800_ml.lib</file>
         <name>strcpy.c.obj</name>
      </input_file>
      <input_file id="fl-51">
         <path>C:\ti\ccs1120\ccs\tools\compiler\ti-cgt-c2000_21.6.0.LTS\lib\</path>
         <kind>archive</kind>
         <file>rts2800_ml.lib</file>
         <name>wcslen.c.obj</name>
      </input_file>
      <input_file id="fl-52">
         <path>C:\ti\ccs1120\ccs\tools\compiler\ti-cgt-c2000_21.6.0.LTS\lib\</path>
         <kind>archive</kind>
         <file>rts2800_ml.lib</file>
         <name>s_copysign.c.obj</name>
      </input_file>
   </input_file_list>
   <object_component_list>
      <object_component id="oc-aa">
         <name>.cinit</name>
         <load_address>0x3f21bd</load_address>
         <run_address>0x3f21bd</run_address>
         <size>0x191</size>
         <input_file_ref idref="fl-11"/>
      </object_component>
      <object_component id="oc-5d">
         <name>.cinit</name>
         <load_address>0x3f234e</load_address>
         <run_address>0x3f234e</run_address>
         <size>0x14</size>
         <input_file_ref idref="fl-3"/>
      </object_component>
      <object_component id="oc-111">
         <name>.cinit</name>
         <load_address>0x3f2362</load_address>
         <run_address>0x3f2362</run_address>
         <size>0xe</size>
         <input_file_ref idref="fl-34"/>
      </object_component>
      <object_component id="oc-1b5">
         <name>.cinit:_readdata</name>
         <load_address>0x3f2370</load_address>
         <run_address>0x3f2370</run_address>
         <size>0x7</size>
         <input_file_ref idref="fl-11"/>
      </object_component>
      <object_component id="oc-1bf">
         <name>.cinit:__lock</name>
         <load_address>0x3f2377</load_address>
         <run_address>0x3f2377</run_address>
         <size>0x5</size>
         <input_file_ref idref="fl-35"/>
      </object_component>
      <object_component id="oc-1cd">
         <name>.cinit:__unlock</name>
         <load_address>0x3f237c</load_address>
         <run_address>0x3f237c</run_address>
         <size>0x5</size>
         <input_file_ref idref="fl-35"/>
      </object_component>
      <object_component id="oc-127">
         <name>.cinit</name>
         <load_address>0x3f2381</load_address>
         <run_address>0x3f2381</run_address>
         <size>0x4</size>
         <input_file_ref idref="fl-38"/>
      </object_component>
      <object_component id="oc-1ae">
         <name>.text</name>
         <load_address>0x3f2000</load_address>
         <run_address>0x3f2000</run_address>
         <size>0x24</size>
         <input_file_ref idref="fl-30"/>
      </object_component>
      <object_component id="oc-156">
         <name>.text</name>
         <load_address>0x3f2024</load_address>
         <run_address>0x3f2024</run_address>
         <size>0x21</size>
         <input_file_ref idref="fl-41"/>
      </object_component>
      <object_component id="oc-15b">
         <name>.text</name>
         <load_address>0x3f2045</load_address>
         <run_address>0x3f2045</run_address>
         <size>0x1f</size>
         <input_file_ref idref="fl-42"/>
      </object_component>
      <object_component id="oc-165">
         <name>.text</name>
         <load_address>0x3f2064</load_address>
         <run_address>0x3f2064</run_address>
         <size>0x1e</size>
         <input_file_ref idref="fl-44"/>
      </object_component>
      <object_component id="oc-16f">
         <name>.text</name>
         <load_address>0x3f2082</load_address>
         <run_address>0x3f2082</run_address>
         <size>0x1d</size>
         <input_file_ref idref="fl-46"/>
      </object_component>
      <object_component id="oc-1bc">
         <name>.text</name>
         <load_address>0x3f209f</load_address>
         <run_address>0x3f209f</run_address>
         <size>0x1d</size>
         <input_file_ref idref="fl-31"/>
      </object_component>
      <object_component id="oc-179">
         <name>.text</name>
         <load_address>0x3f20bc</load_address>
         <run_address>0x3f20bc</run_address>
         <size>0x1c</size>
         <input_file_ref idref="fl-48"/>
      </object_component>
      <object_component id="oc-174">
         <name>.text</name>
         <load_address>0x3f20d8</load_address>
         <run_address>0x3f20d8</run_address>
         <size>0x1c</size>
         <input_file_ref idref="fl-47"/>
      </object_component>
      <object_component id="oc-1c0">
         <name>.text</name>
         <load_address>0x3f20f4</load_address>
         <run_address>0x3f20f4</run_address>
         <size>0x1a</size>
         <input_file_ref idref="fl-d"/>
      </object_component>
      <object_component id="oc-ed">
         <name>.text</name>
         <load_address>0x3f210e</load_address>
         <run_address>0x3f210e</run_address>
         <size>0x1a</size>
         <input_file_ref idref="fl-2d"/>
      </object_component>
      <object_component id="oc-160">
         <name>.text</name>
         <load_address>0x3f2128</load_address>
         <run_address>0x3f2128</run_address>
         <size>0x18</size>
         <input_file_ref idref="fl-43"/>
      </object_component>
      <object_component id="oc-d4">
         <name>.text</name>
         <load_address>0x3f2140</load_address>
         <run_address>0x3f2140</run_address>
         <size>0x17</size>
         <input_file_ref idref="fl-28"/>
      </object_component>
      <object_component id="oc-1b0">
         <name>.text</name>
         <load_address>0x3f2157</load_address>
         <run_address>0x3f2157</run_address>
         <size>0x11</size>
         <input_file_ref idref="fl-36"/>
      </object_component>
      <object_component id="oc-1d3">
         <name>.text</name>
         <load_address>0x3f2168</load_address>
         <run_address>0x3f2168</run_address>
         <size>0x10</size>
         <input_file_ref idref="fl-4d"/>
      </object_component>
      <object_component id="oc-151">
         <name>.text</name>
         <load_address>0x3f2178</load_address>
         <run_address>0x3f2178</run_address>
         <size>0xe</size>
         <input_file_ref idref="fl-40"/>
      </object_component>
      <object_component id="oc-f2">
         <name>.text</name>
         <load_address>0x3f2186</load_address>
         <run_address>0x3f2186</run_address>
         <size>0xb</size>
         <input_file_ref idref="fl-2e"/>
      </object_component>
      <object_component id="oc-14c">
         <name>.text</name>
         <load_address>0x3f2191</load_address>
         <run_address>0x3f2191</run_address>
         <size>0x9</size>
         <input_file_ref idref="fl-3f"/>
      </object_component>
      <object_component id="oc-6f">
         <name>.text</name>
         <load_address>0x3f219a</load_address>
         <run_address>0x3f219a</run_address>
         <size>0x8</size>
         <input_file_ref idref="fl-6"/>
      </object_component>
      <object_component id="oc-1c2">
         <name>.text</name>
         <load_address>0x3f21a2</load_address>
         <run_address>0x3f21a2</run_address>
         <size>0x8</size>
         <input_file_ref idref="fl-37"/>
      </object_component>
      <object_component id="oc-1d1">
         <name>.text</name>
         <load_address>0x3f21aa</load_address>
         <run_address>0x3f21aa</run_address>
         <size>0x7</size>
         <input_file_ref idref="fl-4e"/>
      </object_component>
      <object_component id="oc-e3">
         <name>.text</name>
         <load_address>0x3f21b1</load_address>
         <run_address>0x3f21b1</run_address>
         <size>0x5</size>
         <input_file_ref idref="fl-2b"/>
      </object_component>
      <object_component id="oc-1d2">
         <name>.text</name>
         <load_address>0x3f21b6</load_address>
         <run_address>0x3f21b6</run_address>
         <size>0x5</size>
         <input_file_ref idref="fl-50"/>
      </object_component>
      <object_component id="oc-1ad">
         <name>.text</name>
         <load_address>0x3f21bb</load_address>
         <run_address>0x3f21bb</run_address>
         <size>0x2</size>
         <input_file_ref idref="fl-32"/>
      </object_component>
      <object_component id="oc-ac">
         <name>.text:retain</name>
         <load_address>0x3f629a</load_address>
         <run_address>0x3f629a</run_address>
         <size>0x50f</size>
         <input_file_ref idref="fl-11"/>
      </object_component>
      <object_component id="oc-1bd">
         <name>.text</name>
         <load_address>0x3f67a9</load_address>
         <run_address>0x3f67a9</run_address>
         <size>0x447</size>
         <input_file_ref idref="fl-11"/>
      </object_component>
      <object_component id="oc-1bb">
         <name>.text</name>
         <load_address>0x3f6bf0</load_address>
         <run_address>0x3f6bf0</run_address>
         <size>0x350</size>
         <input_file_ref idref="fl-3"/>
      </object_component>
      <object_component id="oc-1cb">
         <name>.text</name>
         <load_address>0x3f6f40</load_address>
         <run_address>0x3f6f40</run_address>
         <size>0x22e</size>
         <input_file_ref idref="fl-5"/>
      </object_component>
      <object_component id="oc-1ce">
         <name>.text:__TI_printfi_minimal</name>
         <load_address>0x3f716e</load_address>
         <run_address>0x3f716e</run_address>
         <size>0x196</size>
         <input_file_ref idref="fl-39"/>
      </object_component>
      <object_component id="oc-1b3">
         <name>.text</name>
         <load_address>0x3f7304</load_address>
         <run_address>0x3f7304</run_address>
         <size>0x191</size>
         <input_file_ref idref="fl-4"/>
      </object_component>
      <object_component id="oc-1c6">
         <name>.text</name>
         <load_address>0x3f7495</load_address>
         <run_address>0x3f7495</run_address>
         <size>0x13a</size>
         <input_file_ref idref="fl-f"/>
      </object_component>
      <object_component id="oc-1b6">
         <name>.text</name>
         <load_address>0x3f75cf</load_address>
         <run_address>0x3f75cf</run_address>
         <size>0x118</size>
         <input_file_ref idref="fl-25"/>
      </object_component>
      <object_component id="oc-16a">
         <name>.text</name>
         <load_address>0x3f76e7</load_address>
         <run_address>0x3f76e7</run_address>
         <size>0x107</size>
         <input_file_ref idref="fl-45"/>
      </object_component>
      <object_component id="oc-7c">
         <name>.text:retain</name>
         <load_address>0x3f77ee</load_address>
         <run_address>0x3f77ee</run_address>
         <size>0xff</size>
         <input_file_ref idref="fl-8"/>
      </object_component>
      <object_component id="oc-1b7">
         <name>.text</name>
         <load_address>0x3f78ed</load_address>
         <run_address>0x3f78ed</run_address>
         <size>0xe9</size>
         <input_file_ref idref="fl-23"/>
      </object_component>
      <object_component id="oc-13d">
         <name>.text</name>
         <load_address>0x3f79d6</load_address>
         <run_address>0x3f79d6</run_address>
         <size>0x9c</size>
         <input_file_ref idref="fl-3c"/>
      </object_component>
      <object_component id="oc-17e">
         <name>.text</name>
         <load_address>0x3f7a72</load_address>
         <run_address>0x3f7a72</run_address>
         <size>0x8b</size>
         <input_file_ref idref="fl-49"/>
      </object_component>
      <object_component id="oc-147">
         <name>.text</name>
         <load_address>0x3f7afd</load_address>
         <run_address>0x3f7afd</run_address>
         <size>0x83</size>
         <input_file_ref idref="fl-3e"/>
      </object_component>
      <object_component id="oc-d9">
         <name>.text</name>
         <load_address>0x3f7b80</load_address>
         <run_address>0x3f7b80</run_address>
         <size>0x83</size>
         <input_file_ref idref="fl-29"/>
      </object_component>
      <object_component id="oc-cf">
         <name>.text</name>
         <load_address>0x3f7c03</load_address>
         <run_address>0x3f7c03</run_address>
         <size>0x78</size>
         <input_file_ref idref="fl-27"/>
      </object_component>
      <object_component id="oc-1b8">
         <name>.text</name>
         <load_address>0x3f7c7b</load_address>
         <run_address>0x3f7c7b</run_address>
         <size>0x75</size>
         <input_file_ref idref="fl-24"/>
      </object_component>
      <object_component id="oc-1c9">
         <name>.text</name>
         <load_address>0x3f7cf0</load_address>
         <run_address>0x3f7cf0</run_address>
         <size>0x73</size>
         <input_file_ref idref="fl-7"/>
      </object_component>
      <object_component id="oc-de">
         <name>.text</name>
         <load_address>0x3f7d63</load_address>
         <run_address>0x3f7d63</run_address>
         <size>0x5a</size>
         <input_file_ref idref="fl-2a"/>
      </object_component>
      <object_component id="oc-38">
         <name>.text</name>
         <load_address>0x3f7dbd</load_address>
         <run_address>0x3f7dbd</run_address>
         <size>0x54</size>
         <input_file_ref idref="fl-26"/>
      </object_component>
      <object_component id="oc-1ca">
         <name>.text</name>
         <load_address>0x3f7e11</load_address>
         <run_address>0x3f7e11</run_address>
         <size>0x42</size>
         <input_file_ref idref="fl-e"/>
      </object_component>
      <object_component id="oc-1c1">
         <name>.text</name>
         <load_address>0x3f7e53</load_address>
         <run_address>0x3f7e53</run_address>
         <size>0x2f</size>
         <input_file_ref idref="fl-22"/>
      </object_component>
      <object_component id="oc-142">
         <name>.text</name>
         <load_address>0x3f7e82</load_address>
         <run_address>0x3f7e82</run_address>
         <size>0x2a</size>
         <input_file_ref idref="fl-3d"/>
      </object_component>
      <object_component id="oc-f7">
         <name>.text</name>
         <load_address>0x3f7eac</load_address>
         <run_address>0x3f7eac</run_address>
         <size>0x2a</size>
         <input_file_ref idref="fl-2f"/>
      </object_component>
      <object_component id="oc-1b1">
         <name>.text</name>
         <load_address>0x3f7ed6</load_address>
         <run_address>0x3f7ed6</run_address>
         <size>0x29</size>
         <input_file_ref idref="fl-34"/>
      </object_component>
      <object_component id="oc-e8">
         <name>.text</name>
         <load_address>0x3f7eff</load_address>
         <run_address>0x3f7eff</run_address>
         <size>0x29</size>
         <input_file_ref idref="fl-2c"/>
      </object_component>
      <object_component id="oc-1c7">
         <name>.text</name>
         <load_address>0x3f7f28</load_address>
         <run_address>0x3f7f28</run_address>
         <size>0x28</size>
         <input_file_ref idref="fl-b"/>
      </object_component>
      <object_component id="oc-1c8">
         <name>.text</name>
         <load_address>0x3f7f50</load_address>
         <run_address>0x3f7f50</run_address>
         <size>0x26</size>
         <input_file_ref idref="fl-c"/>
      </object_component>
      <object_component id="oc-1cc">
         <name>.text</name>
         <load_address>0x3f7f76</load_address>
         <run_address>0x3f7f76</run_address>
         <size>0x9</size>
         <input_file_ref idref="fl-35"/>
      </object_component>
      <object_component id="oc-1af">
         <name>.text</name>
         <load_address>0x3f7f7f</load_address>
         <run_address>0x3f7f7f</run_address>
         <size>0x1</size>
         <input_file_ref idref="fl-33"/>
      </object_component>
      <object_component id="oc-70">
         <name>codestart</name>
         <load_address>0x3f7ff6</load_address>
         <run_address>0x3f7ff6</run_address>
         <size>0x2</size>
         <input_file_ref idref="fl-6"/>
      </object_component>
      <object_component id="oc-65">
         <name>ramfuncs:retain</name>
         <load_address>0x3f61bc</load_address>
         <run_address>0x8000</run_address>
         <size>0x6e</size>
         <input_file_ref idref="fl-4"/>
      </object_component>
      <object_component id="oc-1b2">
         <name>ramfuncs</name>
         <load_address>0x3f622a</load_address>
         <run_address>0x806e</run_address>
         <size>0x6c</size>
         <input_file_ref idref="fl-4"/>
      </object_component>
      <object_component id="oc-a4">
         <name>ramfuncs</name>
         <load_address>0x3f6296</load_address>
         <run_address>0x80da</run_address>
         <size>0x4</size>
         <input_file_ref idref="fl-10"/>
      </object_component>
      <object_component id="oc-c9">
         <name>.stack</name>
         <uninitialized>true</uninitialized>
         <run_address>0x50</run_address>
         <size>0x0</size>
         <input_file_ref idref="fl-26"/>
      </object_component>
      <object_component id="oc-213">
         <name>.stack</name>
         <uninitialized>true</uninitialized>
         <run_address>0x50</run_address>
         <size>0x0</size>
      </object_component>
      <object_component id="oc-5e">
         <name>.ebss</name>
         <uninitialized>true</uninitialized>
         <run_address>0x889c</run_address>
         <size>0x8</size>
         <input_file_ref idref="fl-3"/>
      </object_component>
      <object_component id="oc-64">
         <name>.ebss</name>
         <uninitialized>true</uninitialized>
         <run_address>0x88c0</run_address>
         <size>0x74</size>
         <input_file_ref idref="fl-4"/>
      </object_component>
      <object_component id="oc-76">
         <name>.ebss</name>
         <uninitialized>true</uninitialized>
         <run_address>0x8884</run_address>
         <size>0x18</size>
         <input_file_ref idref="fl-7"/>
      </object_component>
      <object_component id="oc-ab">
         <name>.ebss</name>
         <uninitialized>true</uninitialized>
         <run_address>0x8800</run_address>
         <size>0x84</size>
         <input_file_ref idref="fl-11"/>
      </object_component>
      <object_component id="oc-1b4">
         <name>.ebss:_readdata</name>
         <uninitialized>true</uninitialized>
         <run_address>0x88ba</run_address>
         <size>0x4</size>
         <input_file_ref idref="fl-11"/>
      </object_component>
      <object_component id="oc-1b9">
         <name>.ebss:_Quaternions</name>
         <uninitialized>true</uninitialized>
         <run_address>0x88ac</run_address>
         <size>0x8</size>
         <input_file_ref idref="fl-11"/>
      </object_component>
      <object_component id="oc-1ba">
         <name>.ebss:_DotQuaternions</name>
         <uninitialized>true</uninitialized>
         <run_address>0x88a4</run_address>
         <size>0x8</size>
         <input_file_ref idref="fl-11"/>
      </object_component>
      <object_component id="oc-112">
         <name>.ebss</name>
         <uninitialized>true</uninitialized>
         <run_address>0x88b4</run_address>
         <size>0x6</size>
         <input_file_ref idref="fl-34"/>
      </object_component>
      <object_component id="oc-1be">
         <name>.ebss:__lock</name>
         <uninitialized>true</uninitialized>
         <run_address>0x88be</run_address>
         <size>0x2</size>
         <input_file_ref idref="fl-35"/>
      </object_component>
      <object_component id="oc-1d0">
         <name>.ebss:__unlock</name>
         <uninitialized>true</uninitialized>
         <run_address>0x8934</run_address>
         <size>0x2</size>
         <input_file_ref idref="fl-35"/>
      </object_component>
      <object_component id="oc-128">
         <name>.ebss</name>
         <uninitialized>true</uninitialized>
         <run_address>0x8936</run_address>
         <size>0x1</size>
         <input_file_ref idref="fl-38"/>
      </object_component>
      <object_component id="oc-1cf">
         <name>.econst:_PieVectTableInit</name>
         <load_address>0x3f6000</load_address>
         <run_address>0x3f6000</run_address>
         <size>0x100</size>
         <input_file_ref idref="fl-c"/>
      </object_component>
      <object_component id="oc-ad">
         <name>.econst:.string</name>
         <load_address>0x3f6100</load_address>
         <run_address>0x3f6100</run_address>
         <size>0x27</size>
         <input_file_ref idref="fl-11"/>
      </object_component>
      <object_component id="oc-12c">
         <name>.econst:.string</name>
         <load_address>0x3f6128</load_address>
         <run_address>0x3f6128</run_address>
         <size>0x26</size>
         <input_file_ref idref="fl-39"/>
      </object_component>
      <object_component id="oc-12b">
         <name>.econst</name>
         <load_address>0x3f614e</load_address>
         <run_address>0x3f614e</run_address>
         <size>0x1c</size>
         <input_file_ref idref="fl-39"/>
      </object_component>
      <object_component id="oc-138">
         <name>.econst</name>
         <load_address>0x3f616a</load_address>
         <run_address>0x3f616a</run_address>
         <size>0x1c</size>
         <input_file_ref idref="fl-3b"/>
      </object_component>
      <object_component id="oc-b8">
         <name>.econst</name>
         <load_address>0x3f6186</load_address>
         <run_address>0x3f6186</run_address>
         <size>0xc</size>
         <input_file_ref idref="fl-23"/>
      </object_component>
      <object_component id="oc-1c5">
         <name>.econst:_aT</name>
         <load_address>0x3f6192</load_address>
         <run_address>0x3f6192</run_address>
         <size>0xa</size>
         <input_file_ref idref="fl-25"/>
      </object_component>
      <object_component id="oc-1c4">
         <name>.econst:_atanhi</name>
         <load_address>0x3f619c</load_address>
         <run_address>0x3f619c</run_address>
         <size>0x8</size>
         <input_file_ref idref="fl-25"/>
      </object_component>
      <object_component id="oc-1c3">
         <name>.econst:_atanlo</name>
         <load_address>0x3f61a4</load_address>
         <run_address>0x3f61a4</run_address>
         <size>0x8</size>
         <input_file_ref idref="fl-25"/>
      </object_component>
      <object_component id="oc-132">
         <name>.econst</name>
         <load_address>0x3f61ac</load_address>
         <run_address>0x3f61ac</run_address>
         <size>0x8</size>
         <input_file_ref idref="fl-3a"/>
      </object_component>
      <object_component id="oc-be">
         <name>.econst</name>
         <load_address>0x3f61b4</load_address>
         <run_address>0x3f61b4</run_address>
         <size>0x4</size>
         <input_file_ref idref="fl-24"/>
      </object_component>
      <object_component id="oc-c4">
         <name>.econst</name>
         <load_address>0x3f61b8</load_address>
         <run_address>0x3f61b8</run_address>
         <size>0x4</size>
         <input_file_ref idref="fl-25"/>
      </object_component>
      <object_component id="oc-ca">
         <name>.reset</name>
         <load_address>0x3fffc0</load_address>
         <run_address>0x3fffc0</run_address>
         <size>0x2</size>
         <input_file_ref idref="fl-26"/>
      </object_component>
      <object_component id="oc-5a">
         <name>PieVectTableFile</name>
         <uninitialized>true</uninitialized>
         <run_address>0xd00</run_address>
         <size>0x100</size>
         <input_file_ref idref="fl-2"/>
      </object_component>
      <object_component id="oc-3b">
         <name>EmuKeyVar</name>
         <uninitialized>true</uninitialized>
         <run_address>0xd00</run_address>
         <size>0x1</size>
         <input_file_ref idref="fl-2"/>
      </object_component>
      <object_component id="oc-3c">
         <name>EmuBModeVar</name>
         <uninitialized>true</uninitialized>
         <run_address>0xd01</run_address>
         <size>0x1</size>
         <input_file_ref idref="fl-2"/>
      </object_component>
      <object_component id="oc-3e">
         <name>FlashCallbackVar</name>
         <uninitialized>true</uninitialized>
         <run_address>0xd02</run_address>
         <size>0x2</size>
         <input_file_ref idref="fl-2"/>
      </object_component>
      <object_component id="oc-3d">
         <name>FlashScalingVar</name>
         <uninitialized>true</uninitialized>
         <run_address>0xd04</run_address>
         <size>0x2</size>
         <input_file_ref idref="fl-2"/>
      </object_component>
      <object_component id="oc-40">
         <name>DevEmuRegsFile</name>
         <uninitialized>true</uninitialized>
         <run_address>0x880</run_address>
         <size>0x4</size>
         <input_file_ref idref="fl-2"/>
      </object_component>
      <object_component id="oc-3f">
         <name>SysPwrCtrlRegsFile</name>
         <uninitialized>true</uninitialized>
         <run_address>0x985</run_address>
         <size>0x3</size>
         <input_file_ref idref="fl-2"/>
      </object_component>
      <object_component id="oc-45">
         <name>FlashRegsFile</name>
         <uninitialized>true</uninitialized>
         <run_address>0xa80</run_address>
         <size>0x8</size>
         <input_file_ref idref="fl-2"/>
      </object_component>
      <object_component id="oc-47">
         <name>CsmRegsFile</name>
         <uninitialized>true</uninitialized>
         <run_address>0xae0</run_address>
         <size>0x10</size>
         <input_file_ref idref="fl-2"/>
      </object_component>
      <object_component id="oc-4e">
         <name>AdcResultFile</name>
         <uninitialized>true</uninitialized>
         <run_address>0xb00</run_address>
         <size>0x20</size>
         <input_file_ref idref="fl-2"/>
      </object_component>
      <object_component id="oc-41">
         <name>CpuTimer0RegsFile</name>
         <uninitialized>true</uninitialized>
         <run_address>0xc00</run_address>
         <size>0x8</size>
         <input_file_ref idref="fl-2"/>
      </object_component>
      <object_component id="oc-42">
         <name>CpuTimer1RegsFile</name>
         <uninitialized>true</uninitialized>
         <run_address>0xc08</run_address>
         <size>0x8</size>
         <input_file_ref idref="fl-2"/>
      </object_component>
      <object_component id="oc-43">
         <name>CpuTimer2RegsFile</name>
         <uninitialized>true</uninitialized>
         <run_address>0xc10</run_address>
         <size>0x8</size>
         <input_file_ref idref="fl-2"/>
      </object_component>
      <object_component id="oc-4c">
         <name>PieCtrlRegsFile</name>
         <uninitialized>true</uninitialized>
         <run_address>0xce0</run_address>
         <size>0x1a</size>
         <input_file_ref idref="fl-2"/>
      </object_component>
      <object_component id="oc-51">
         <name>ECap1RegsFile</name>
         <uninitialized>true</uninitialized>
         <run_address>0x6a00</run_address>
         <size>0x20</size>
         <input_file_ref idref="fl-2"/>
      </object_component>
      <object_component id="oc-58">
         <name>GpioCtrlRegsFile</name>
         <uninitialized>true</uninitialized>
         <run_address>0x6f80</run_address>
         <size>0x40</size>
         <input_file_ref idref="fl-2"/>
      </object_component>
      <object_component id="oc-52">
         <name>GpioDataRegsFile</name>
         <uninitialized>true</uninitialized>
         <run_address>0x6fc0</run_address>
         <size>0x20</size>
         <input_file_ref idref="fl-2"/>
      </object_component>
      <object_component id="oc-46">
         <name>GpioIntRegsFile</name>
         <uninitialized>true</uninitialized>
         <run_address>0x6fe0</run_address>
         <size>0xa</size>
         <input_file_ref idref="fl-2"/>
      </object_component>
      <object_component id="oc-4d">
         <name>SysCtrlRegsFile</name>
         <uninitialized>true</uninitialized>
         <run_address>0x7010</run_address>
         <size>0x1f</size>
         <input_file_ref idref="fl-2"/>
      </object_component>
      <object_component id="oc-4a">
         <name>SpiaRegsFile</name>
         <uninitialized>true</uninitialized>
         <run_address>0x7040</run_address>
         <size>0x10</size>
         <input_file_ref idref="fl-2"/>
      </object_component>
      <object_component id="oc-49">
         <name>SciaRegsFile</name>
         <uninitialized>true</uninitialized>
         <run_address>0x7050</run_address>
         <size>0x10</size>
         <input_file_ref idref="fl-2"/>
      </object_component>
      <object_component id="oc-48">
         <name>NmiIntruptRegsFile</name>
         <uninitialized>true</uninitialized>
         <run_address>0x7060</run_address>
         <size>0x10</size>
         <input_file_ref idref="fl-2"/>
      </object_component>
      <object_component id="oc-4b">
         <name>XIntruptRegsFile</name>
         <uninitialized>true</uninitialized>
         <run_address>0x7070</run_address>
         <size>0x10</size>
         <input_file_ref idref="fl-2"/>
      </object_component>
      <object_component id="oc-59">
         <name>AdcRegsFile</name>
         <uninitialized>true</uninitialized>
         <run_address>0x7100</run_address>
         <size>0x51</size>
         <input_file_ref idref="fl-2"/>
      </object_component>
      <object_component id="oc-53">
         <name>I2caRegsFile</name>
         <uninitialized>true</uninitialized>
         <run_address>0x7900</run_address>
         <size>0x22</size>
         <input_file_ref idref="fl-2"/>
      </object_component>
      <object_component id="oc-4f">
         <name>Comp1RegsFile</name>
         <uninitialized>true</uninitialized>
         <run_address>0x6400</run_address>
         <size>0x20</size>
         <input_file_ref idref="fl-2"/>
      </object_component>
      <object_component id="oc-50">
         <name>Comp2RegsFile</name>
         <uninitialized>true</uninitialized>
         <run_address>0x6420</run_address>
         <size>0x20</size>
         <input_file_ref idref="fl-2"/>
      </object_component>
      <object_component id="oc-54">
         <name>EPwm1RegsFile</name>
         <uninitialized>true</uninitialized>
         <run_address>0x6800</run_address>
         <size>0x40</size>
         <input_file_ref idref="fl-2"/>
      </object_component>
      <object_component id="oc-55">
         <name>EPwm2RegsFile</name>
         <uninitialized>true</uninitialized>
         <run_address>0x6840</run_address>
         <size>0x40</size>
         <input_file_ref idref="fl-2"/>
      </object_component>
      <object_component id="oc-56">
         <name>EPwm3RegsFile</name>
         <uninitialized>true</uninitialized>
         <run_address>0x6880</run_address>
         <size>0x40</size>
         <input_file_ref idref="fl-2"/>
      </object_component>
      <object_component id="oc-57">
         <name>EPwm4RegsFile</name>
         <uninitialized>true</uninitialized>
         <run_address>0x68c0</run_address>
         <size>0x40</size>
         <input_file_ref idref="fl-2"/>
      </object_component>
      <object_component id="oc-44">
         <name>CsmPwlFile</name>
         <uninitialized>true</uninitialized>
         <run_address>0x3f7ff8</run_address>
         <size>0x8</size>
         <input_file_ref idref="fl-2"/>
      </object_component>
      <object_component id="oc-3a">
         <name>PartIdRegsFile</name>
         <uninitialized>true</uninitialized>
         <run_address>0x3d7fff</run_address>
         <size>0x1</size>
         <input_file_ref idref="fl-2"/>
      </object_component>
      <object_component id="oc-39">
         <name>.debug_info</name>
         <load_address>0x0</load_address>
         <run_address>0x0</run_address>
         <size>0xb305</size>
         <input_file_ref idref="fl-2"/>
      </object_component>
      <object_component id="oc-5c">
         <name>.debug_info</name>
         <load_address>0xb305</load_address>
         <run_address>0xb305</run_address>
         <size>0xd01</size>
         <input_file_ref idref="fl-3"/>
      </object_component>
      <object_component id="oc-63">
         <name>.debug_info</name>
         <load_address>0xc006</load_address>
         <run_address>0xc006</run_address>
         <size>0x2dea</size>
         <input_file_ref idref="fl-4"/>
      </object_component>
      <object_component id="oc-6a">
         <name>.debug_info</name>
         <load_address>0xedf0</load_address>
         <run_address>0xedf0</run_address>
         <size>0x4022</size>
         <input_file_ref idref="fl-5"/>
      </object_component>
      <object_component id="oc-72">
         <name>.debug_info</name>
         <load_address>0x12e12</load_address>
         <run_address>0x12e12</run_address>
         <size>0x12e</size>
         <input_file_ref idref="fl-6"/>
      </object_component>
      <object_component id="oc-75">
         <name>.debug_info</name>
         <load_address>0x12f40</load_address>
         <run_address>0x12f40</run_address>
         <size>0x94e</size>
         <input_file_ref idref="fl-7"/>
      </object_component>
      <object_component id="oc-7b">
         <name>.debug_info</name>
         <load_address>0x1388e</load_address>
         <run_address>0x1388e</run_address>
         <size>0x146f</size>
         <input_file_ref idref="fl-8"/>
      </object_component>
      <object_component id="oc-81">
         <name>.debug_info</name>
         <load_address>0x14cfd</load_address>
         <run_address>0x14cfd</run_address>
         <size>0x13b3</size>
         <input_file_ref idref="fl-9"/>
      </object_component>
      <object_component id="oc-86">
         <name>.debug_info</name>
         <load_address>0x160b0</load_address>
         <run_address>0x160b0</run_address>
         <size>0x13b3</size>
         <input_file_ref idref="fl-a"/>
      </object_component>
      <object_component id="oc-8b">
         <name>.debug_info</name>
         <load_address>0x17463</load_address>
         <run_address>0x17463</run_address>
         <size>0xabe</size>
         <input_file_ref idref="fl-b"/>
      </object_component>
      <object_component id="oc-90">
         <name>.debug_info</name>
         <load_address>0x17f21</load_address>
         <run_address>0x17f21</run_address>
         <size>0x1ebc</size>
         <input_file_ref idref="fl-c"/>
      </object_component>
      <object_component id="oc-95">
         <name>.debug_info</name>
         <load_address>0x19ddd</load_address>
         <run_address>0x19ddd</run_address>
         <size>0x14b9</size>
         <input_file_ref idref="fl-d"/>
      </object_component>
      <object_component id="oc-9a">
         <name>.debug_info</name>
         <load_address>0x1b296</load_address>
         <run_address>0x1b296</run_address>
         <size>0x1d0c</size>
         <input_file_ref idref="fl-e"/>
      </object_component>
      <object_component id="oc-9f">
         <name>.debug_info</name>
         <load_address>0x1cfa2</load_address>
         <run_address>0x1cfa2</run_address>
         <size>0x2ec5</size>
         <input_file_ref idref="fl-f"/>
      </object_component>
      <object_component id="oc-a6">
         <name>.debug_info</name>
         <load_address>0x1fe67</load_address>
         <run_address>0x1fe67</run_address>
         <size>0xf9</size>
         <input_file_ref idref="fl-10"/>
      </object_component>
      <object_component id="oc-a9">
         <name>.debug_info</name>
         <load_address>0x1ff60</load_address>
         <run_address>0x1ff60</run_address>
         <size>0xa849</size>
         <input_file_ref idref="fl-11"/>
      </object_component>
      <object_component id="oc-b2">
         <name>.debug_info</name>
         <load_address>0x2a7a9</load_address>
         <run_address>0x2a7a9</run_address>
         <size>0x61f</size>
         <input_file_ref idref="fl-22"/>
      </object_component>
      <object_component id="oc-b7">
         <name>.debug_info</name>
         <load_address>0x2adc8</load_address>
         <run_address>0x2adc8</run_address>
         <size>0x4f2</size>
         <input_file_ref idref="fl-23"/>
      </object_component>
      <object_component id="oc-bd">
         <name>.debug_info</name>
         <load_address>0x2b2ba</load_address>
         <run_address>0x2b2ba</run_address>
         <size>0x43e</size>
         <input_file_ref idref="fl-24"/>
      </object_component>
      <object_component id="oc-c3">
         <name>.debug_info</name>
         <load_address>0x2b6f8</load_address>
         <run_address>0x2b6f8</run_address>
         <size>0x638</size>
         <input_file_ref idref="fl-25"/>
      </object_component>
      <object_component id="oc-cb">
         <name>.debug_info</name>
         <load_address>0x2bd30</load_address>
         <run_address>0x2bd30</run_address>
         <size>0x173</size>
         <input_file_ref idref="fl-26"/>
      </object_component>
      <object_component id="oc-d0">
         <name>.debug_info</name>
         <load_address>0x2bea3</load_address>
         <run_address>0x2bea3</run_address>
         <size>0x114</size>
         <input_file_ref idref="fl-27"/>
      </object_component>
      <object_component id="oc-d5">
         <name>.debug_info</name>
         <load_address>0x2bfb7</load_address>
         <run_address>0x2bfb7</run_address>
         <size>0x114</size>
         <input_file_ref idref="fl-28"/>
      </object_component>
      <object_component id="oc-da">
         <name>.debug_info</name>
         <load_address>0x2c0cb</load_address>
         <run_address>0x2c0cb</run_address>
         <size>0x114</size>
         <input_file_ref idref="fl-29"/>
      </object_component>
      <object_component id="oc-df">
         <name>.debug_info</name>
         <load_address>0x2c1df</load_address>
         <run_address>0x2c1df</run_address>
         <size>0x114</size>
         <input_file_ref idref="fl-2a"/>
      </object_component>
      <object_component id="oc-e4">
         <name>.debug_info</name>
         <load_address>0x2c2f3</load_address>
         <run_address>0x2c2f3</run_address>
         <size>0x114</size>
         <input_file_ref idref="fl-2b"/>
      </object_component>
      <object_component id="oc-e9">
         <name>.debug_info</name>
         <load_address>0x2c407</load_address>
         <run_address>0x2c407</run_address>
         <size>0x120</size>
         <input_file_ref idref="fl-2c"/>
      </object_component>
      <object_component id="oc-ee">
         <name>.debug_info</name>
         <load_address>0x2c527</load_address>
         <run_address>0x2c527</run_address>
         <size>0x11e</size>
         <input_file_ref idref="fl-2d"/>
      </object_component>
      <object_component id="oc-f3">
         <name>.debug_info</name>
         <load_address>0x2c645</load_address>
         <run_address>0x2c645</run_address>
         <size>0x141</size>
         <input_file_ref idref="fl-2e"/>
      </object_component>
      <object_component id="oc-f8">
         <name>.debug_info</name>
         <load_address>0x2c786</load_address>
         <run_address>0x2c786</run_address>
         <size>0x1a5</size>
         <input_file_ref idref="fl-2f"/>
      </object_component>
      <object_component id="oc-fc">
         <name>.debug_info</name>
         <load_address>0x2c92b</load_address>
         <run_address>0x2c92b</run_address>
         <size>0x4fa</size>
         <input_file_ref idref="fl-30"/>
      </object_component>
      <object_component id="oc-101">
         <name>.debug_info</name>
         <load_address>0x2ce25</load_address>
         <run_address>0x2ce25</run_address>
         <size>0x3d3</size>
         <input_file_ref idref="fl-31"/>
      </object_component>
      <object_component id="oc-106">
         <name>.debug_info</name>
         <load_address>0x2d1f8</load_address>
         <run_address>0x2d1f8</run_address>
         <size>0x346</size>
         <input_file_ref idref="fl-32"/>
      </object_component>
      <object_component id="oc-10b">
         <name>.debug_info</name>
         <load_address>0x2d53e</load_address>
         <run_address>0x2d53e</run_address>
         <size>0x343</size>
         <input_file_ref idref="fl-33"/>
      </object_component>
      <object_component id="oc-110">
         <name>.debug_info</name>
         <load_address>0x2d881</load_address>
         <run_address>0x2d881</run_address>
         <size>0x4dd</size>
         <input_file_ref idref="fl-34"/>
      </object_component>
      <object_component id="oc-117">
         <name>.debug_info</name>
         <load_address>0x2dd5e</load_address>
         <run_address>0x2dd5e</run_address>
         <size>0x465</size>
         <input_file_ref idref="fl-35"/>
      </object_component>
      <object_component id="oc-11c">
         <name>.debug_info</name>
         <load_address>0x2e1c3</load_address>
         <run_address>0x2e1c3</run_address>
         <size>0x3ee</size>
         <input_file_ref idref="fl-36"/>
      </object_component>
      <object_component id="oc-121">
         <name>.debug_info</name>
         <load_address>0x2e5b1</load_address>
         <run_address>0x2e5b1</run_address>
         <size>0x443</size>
         <input_file_ref idref="fl-37"/>
      </object_component>
      <object_component id="oc-126">
         <name>.debug_info</name>
         <load_address>0x2e9f4</load_address>
         <run_address>0x2e9f4</run_address>
         <size>0x1c6</size>
         <input_file_ref idref="fl-38"/>
      </object_component>
      <object_component id="oc-12a">
         <name>.debug_info</name>
         <load_address>0x2ebba</load_address>
         <run_address>0x2ebba</run_address>
         <size>0xff0</size>
         <input_file_ref idref="fl-39"/>
      </object_component>
      <object_component id="oc-131">
         <name>.debug_info</name>
         <load_address>0x2fbaa</load_address>
         <run_address>0x2fbaa</run_address>
         <size>0x365</size>
         <input_file_ref idref="fl-3a"/>
      </object_component>
      <object_component id="oc-137">
         <name>.debug_info</name>
         <load_address>0x2ff0f</load_address>
         <run_address>0x2ff0f</run_address>
         <size>0x3cf</size>
         <input_file_ref idref="fl-3b"/>
      </object_component>
      <object_component id="oc-13e">
         <name>.debug_info</name>
         <load_address>0x302de</load_address>
         <run_address>0x302de</run_address>
         <size>0x114</size>
         <input_file_ref idref="fl-3c"/>
      </object_component>
      <object_component id="oc-143">
         <name>.debug_info</name>
         <load_address>0x303f2</load_address>
         <run_address>0x303f2</run_address>
         <size>0x120</size>
         <input_file_ref idref="fl-3d"/>
      </object_component>
      <object_component id="oc-148">
         <name>.debug_info</name>
         <load_address>0x30512</load_address>
         <run_address>0x30512</run_address>
         <size>0x114</size>
         <input_file_ref idref="fl-3e"/>
      </object_component>
      <object_component id="oc-14d">
         <name>.debug_info</name>
         <load_address>0x30626</load_address>
         <run_address>0x30626</run_address>
         <size>0x114</size>
         <input_file_ref idref="fl-3f"/>
      </object_component>
      <object_component id="oc-152">
         <name>.debug_info</name>
         <load_address>0x3073a</load_address>
         <run_address>0x3073a</run_address>
         <size>0x122</size>
         <input_file_ref idref="fl-40"/>
      </object_component>
      <object_component id="oc-157">
         <name>.debug_info</name>
         <load_address>0x3085c</load_address>
         <run_address>0x3085c</run_address>
         <size>0x114</size>
         <input_file_ref idref="fl-41"/>
      </object_component>
      <object_component id="oc-15c">
         <name>.debug_info</name>
         <load_address>0x30970</load_address>
         <run_address>0x30970</run_address>
         <size>0x114</size>
         <input_file_ref idref="fl-42"/>
      </object_component>
      <object_component id="oc-161">
         <name>.debug_info</name>
         <load_address>0x30a84</load_address>
         <run_address>0x30a84</run_address>
         <size>0x176</size>
         <input_file_ref idref="fl-43"/>
      </object_component>
      <object_component id="oc-166">
         <name>.debug_info</name>
         <load_address>0x30bfa</load_address>
         <run_address>0x30bfa</run_address>
         <size>0x14e</size>
         <input_file_ref idref="fl-44"/>
      </object_component>
      <object_component id="oc-16b">
         <name>.debug_info</name>
         <load_address>0x30d48</load_address>
         <run_address>0x30d48</run_address>
         <size>0x231</size>
         <input_file_ref idref="fl-45"/>
      </object_component>
      <object_component id="oc-170">
         <name>.debug_info</name>
         <load_address>0x30f79</load_address>
         <run_address>0x30f79</run_address>
         <size>0x118</size>
         <input_file_ref idref="fl-46"/>
      </object_component>
      <object_component id="oc-175">
         <name>.debug_info</name>
         <load_address>0x31091</load_address>
         <run_address>0x31091</run_address>
         <size>0x118</size>
         <input_file_ref idref="fl-47"/>
      </object_component>
      <object_component id="oc-17a">
         <name>.debug_info</name>
         <load_address>0x311a9</load_address>
         <run_address>0x311a9</run_address>
         <size>0x117</size>
         <input_file_ref idref="fl-48"/>
      </object_component>
      <object_component id="oc-17f">
         <name>.debug_info</name>
         <load_address>0x312c0</load_address>
         <run_address>0x312c0</run_address>
         <size>0x114</size>
         <input_file_ref idref="fl-49"/>
      </object_component>
      <object_component id="oc-183">
         <name>.debug_info</name>
         <load_address>0x313d4</load_address>
         <run_address>0x313d4</run_address>
         <size>0x30c</size>
         <input_file_ref idref="fl-4a"/>
      </object_component>
      <object_component id="oc-188">
         <name>.debug_info</name>
         <load_address>0x316e0</load_address>
         <run_address>0x316e0</run_address>
         <size>0x324</size>
         <input_file_ref idref="fl-4b"/>
      </object_component>
      <object_component id="oc-18d">
         <name>.debug_info</name>
         <load_address>0x31a04</load_address>
         <run_address>0x31a04</run_address>
         <size>0x1c8</size>
         <input_file_ref idref="fl-4c"/>
      </object_component>
      <object_component id="oc-18f">
         <name>.debug_info</name>
         <load_address>0x31bcc</load_address>
         <run_address>0x31bcc</run_address>
         <size>0x3f7</size>
         <input_file_ref idref="fl-4d"/>
      </object_component>
      <object_component id="oc-194">
         <name>.debug_info</name>
         <load_address>0x31fc3</load_address>
         <run_address>0x31fc3</run_address>
         <size>0x49b</size>
         <input_file_ref idref="fl-4e"/>
      </object_component>
      <object_component id="oc-199">
         <name>.debug_info</name>
         <load_address>0x3245e</load_address>
         <run_address>0x3245e</run_address>
         <size>0x30c</size>
         <input_file_ref idref="fl-4f"/>
      </object_component>
      <object_component id="oc-19e">
         <name>.debug_info</name>
         <load_address>0x3276a</load_address>
         <run_address>0x3276a</run_address>
         <size>0x47e</size>
         <input_file_ref idref="fl-50"/>
      </object_component>
      <object_component id="oc-1a3">
         <name>.debug_info</name>
         <load_address>0x32be8</load_address>
         <run_address>0x32be8</run_address>
         <size>0x337</size>
         <input_file_ref idref="fl-51"/>
      </object_component>
      <object_component id="oc-1a8">
         <name>.debug_info</name>
         <load_address>0x32f1f</load_address>
         <run_address>0x32f1f</run_address>
         <size>0x327</size>
         <input_file_ref idref="fl-52"/>
      </object_component>
      <object_component id="oc-216">
         <name>.debug_info</name>
         <load_address>0x33246</load_address>
         <run_address>0x33246</run_address>
         <size>0xb5</size>
      </object_component>
      <object_component id="oc-5b">
         <name>.debug_abbrev</name>
         <load_address>0x0</load_address>
         <run_address>0x0</run_address>
         <size>0xb7</size>
         <input_file_ref idref="fl-2"/>
      </object_component>
      <object_component id="oc-61">
         <name>.debug_abbrev</name>
         <load_address>0xb7</load_address>
         <run_address>0xb7</run_address>
         <size>0xe3</size>
         <input_file_ref idref="fl-3"/>
      </object_component>
      <object_component id="oc-68">
         <name>.debug_abbrev</name>
         <load_address>0x19a</load_address>
         <run_address>0x19a</run_address>
         <size>0x210</size>
         <input_file_ref idref="fl-4"/>
      </object_component>
      <object_component id="oc-6d">
         <name>.debug_abbrev</name>
         <load_address>0x3aa</load_address>
         <run_address>0x3aa</run_address>
         <size>0x155</size>
         <input_file_ref idref="fl-5"/>
      </object_component>
      <object_component id="oc-73">
         <name>.debug_abbrev</name>
         <load_address>0x4ff</load_address>
         <run_address>0x4ff</run_address>
         <size>0x21</size>
         <input_file_ref idref="fl-6"/>
      </object_component>
      <object_component id="oc-79">
         <name>.debug_abbrev</name>
         <load_address>0x520</load_address>
         <run_address>0x520</run_address>
         <size>0x10b</size>
         <input_file_ref idref="fl-7"/>
      </object_component>
      <object_component id="oc-7f">
         <name>.debug_abbrev</name>
         <load_address>0x62b</load_address>
         <run_address>0x62b</run_address>
         <size>0xde</size>
         <input_file_ref idref="fl-8"/>
      </object_component>
      <object_component id="oc-84">
         <name>.debug_abbrev</name>
         <load_address>0x709</load_address>
         <run_address>0x709</run_address>
         <size>0x138</size>
         <input_file_ref idref="fl-9"/>
      </object_component>
      <object_component id="oc-89">
         <name>.debug_abbrev</name>
         <load_address>0x841</load_address>
         <run_address>0x841</run_address>
         <size>0xdc</size>
         <input_file_ref idref="fl-a"/>
      </object_component>
      <object_component id="oc-8e">
         <name>.debug_abbrev</name>
         <load_address>0x91d</load_address>
         <run_address>0x91d</run_address>
         <size>0xc8</size>
         <input_file_ref idref="fl-b"/>
      </object_component>
      <object_component id="oc-93">
         <name>.debug_abbrev</name>
         <load_address>0x9e5</load_address>
         <run_address>0x9e5</run_address>
         <size>0x116</size>
         <input_file_ref idref="fl-c"/>
      </object_component>
      <object_component id="oc-98">
         <name>.debug_abbrev</name>
         <load_address>0xafb</load_address>
         <run_address>0xafb</run_address>
         <size>0xea</size>
         <input_file_ref idref="fl-d"/>
      </object_component>
      <object_component id="oc-9d">
         <name>.debug_abbrev</name>
         <load_address>0xbe5</load_address>
         <run_address>0xbe5</run_address>
         <size>0xea</size>
         <input_file_ref idref="fl-e"/>
      </object_component>
      <object_component id="oc-a2">
         <name>.debug_abbrev</name>
         <load_address>0xccf</load_address>
         <run_address>0xccf</run_address>
         <size>0x1a3</size>
         <input_file_ref idref="fl-f"/>
      </object_component>
      <object_component id="oc-a7">
         <name>.debug_abbrev</name>
         <load_address>0xe72</load_address>
         <run_address>0xe72</run_address>
         <size>0x2f</size>
         <input_file_ref idref="fl-10"/>
      </object_component>
      <object_component id="oc-b0">
         <name>.debug_abbrev</name>
         <load_address>0xea1</load_address>
         <run_address>0xea1</run_address>
         <size>0x1c7</size>
         <input_file_ref idref="fl-11"/>
      </object_component>
      <object_component id="oc-b5">
         <name>.debug_abbrev</name>
         <load_address>0x1068</load_address>
         <run_address>0x1068</run_address>
         <size>0x10b</size>
         <input_file_ref idref="fl-22"/>
      </object_component>
      <object_component id="oc-bb">
         <name>.debug_abbrev</name>
         <load_address>0x1173</load_address>
         <run_address>0x1173</run_address>
         <size>0xc6</size>
         <input_file_ref idref="fl-23"/>
      </object_component>
      <object_component id="oc-c1">
         <name>.debug_abbrev</name>
         <load_address>0x1239</load_address>
         <run_address>0x1239</run_address>
         <size>0xbd</size>
         <input_file_ref idref="fl-24"/>
      </object_component>
      <object_component id="oc-c7">
         <name>.debug_abbrev</name>
         <load_address>0x12f6</load_address>
         <run_address>0x12f6</run_address>
         <size>0xc1</size>
         <input_file_ref idref="fl-25"/>
      </object_component>
      <object_component id="oc-cd">
         <name>.debug_abbrev</name>
         <load_address>0x13b7</load_address>
         <run_address>0x13b7</run_address>
         <size>0x46</size>
         <input_file_ref idref="fl-26"/>
      </object_component>
      <object_component id="oc-d2">
         <name>.debug_abbrev</name>
         <load_address>0x13fd</load_address>
         <run_address>0x13fd</run_address>
         <size>0x38</size>
         <input_file_ref idref="fl-27"/>
      </object_component>
      <object_component id="oc-d7">
         <name>.debug_abbrev</name>
         <load_address>0x1435</load_address>
         <run_address>0x1435</run_address>
         <size>0x38</size>
         <input_file_ref idref="fl-28"/>
      </object_component>
      <object_component id="oc-dc">
         <name>.debug_abbrev</name>
         <load_address>0x146d</load_address>
         <run_address>0x146d</run_address>
         <size>0x38</size>
         <input_file_ref idref="fl-29"/>
      </object_component>
      <object_component id="oc-e1">
         <name>.debug_abbrev</name>
         <load_address>0x14a5</load_address>
         <run_address>0x14a5</run_address>
         <size>0x38</size>
         <input_file_ref idref="fl-2a"/>
      </object_component>
      <object_component id="oc-e6">
         <name>.debug_abbrev</name>
         <load_address>0x14dd</load_address>
         <run_address>0x14dd</run_address>
         <size>0x38</size>
         <input_file_ref idref="fl-2b"/>
      </object_component>
      <object_component id="oc-eb">
         <name>.debug_abbrev</name>
         <load_address>0x1515</load_address>
         <run_address>0x1515</run_address>
         <size>0x38</size>
         <input_file_ref idref="fl-2c"/>
      </object_component>
      <object_component id="oc-f0">
         <name>.debug_abbrev</name>
         <load_address>0x154d</load_address>
         <run_address>0x154d</run_address>
         <size>0x38</size>
         <input_file_ref idref="fl-2d"/>
      </object_component>
      <object_component id="oc-f5">
         <name>.debug_abbrev</name>
         <load_address>0x1585</load_address>
         <run_address>0x1585</run_address>
         <size>0x38</size>
         <input_file_ref idref="fl-2e"/>
      </object_component>
      <object_component id="oc-fa">
         <name>.debug_abbrev</name>
         <load_address>0x15bd</load_address>
         <run_address>0x15bd</run_address>
         <size>0x38</size>
         <input_file_ref idref="fl-2f"/>
      </object_component>
      <object_component id="oc-ff">
         <name>.debug_abbrev</name>
         <load_address>0x15f5</load_address>
         <run_address>0x15f5</run_address>
         <size>0xe3</size>
         <input_file_ref idref="fl-30"/>
      </object_component>
      <object_component id="oc-104">
         <name>.debug_abbrev</name>
         <load_address>0x16d8</load_address>
         <run_address>0x16d8</run_address>
         <size>0xa8</size>
         <input_file_ref idref="fl-31"/>
      </object_component>
      <object_component id="oc-109">
         <name>.debug_abbrev</name>
         <load_address>0x1780</load_address>
         <run_address>0x1780</run_address>
         <size>0x68</size>
         <input_file_ref idref="fl-32"/>
      </object_component>
      <object_component id="oc-10e">
         <name>.debug_abbrev</name>
         <load_address>0x17e8</load_address>
         <run_address>0x17e8</run_address>
         <size>0x66</size>
         <input_file_ref idref="fl-33"/>
      </object_component>
      <object_component id="oc-115">
         <name>.debug_abbrev</name>
         <load_address>0x184e</load_address>
         <run_address>0x184e</run_address>
         <size>0x130</size>
         <input_file_ref idref="fl-34"/>
      </object_component>
      <object_component id="oc-11a">
         <name>.debug_abbrev</name>
         <load_address>0x197e</load_address>
         <run_address>0x197e</run_address>
         <size>0xb2</size>
         <input_file_ref idref="fl-35"/>
      </object_component>
      <object_component id="oc-11f">
         <name>.debug_abbrev</name>
         <load_address>0x1a30</load_address>
         <run_address>0x1a30</run_address>
         <size>0xee</size>
         <input_file_ref idref="fl-36"/>
      </object_component>
      <object_component id="oc-124">
         <name>.debug_abbrev</name>
         <load_address>0x1b1e</load_address>
         <run_address>0x1b1e</run_address>
         <size>0xa8</size>
         <input_file_ref idref="fl-37"/>
      </object_component>
      <object_component id="oc-129">
         <name>.debug_abbrev</name>
         <load_address>0x1bc6</load_address>
         <run_address>0x1bc6</run_address>
         <size>0x31</size>
         <input_file_ref idref="fl-38"/>
      </object_component>
      <object_component id="oc-12f">
         <name>.debug_abbrev</name>
         <load_address>0x1bf7</load_address>
         <run_address>0x1bf7</run_address>
         <size>0x193</size>
         <input_file_ref idref="fl-39"/>
      </object_component>
      <object_component id="oc-135">
         <name>.debug_abbrev</name>
         <load_address>0x1d8a</load_address>
         <run_address>0x1d8a</run_address>
         <size>0xb6</size>
         <input_file_ref idref="fl-3a"/>
      </object_component>
      <object_component id="oc-13b">
         <name>.debug_abbrev</name>
         <load_address>0x1e40</load_address>
         <run_address>0x1e40</run_address>
         <size>0xdf</size>
         <input_file_ref idref="fl-3b"/>
      </object_component>
      <object_component id="oc-140">
         <name>.debug_abbrev</name>
         <load_address>0x1f1f</load_address>
         <run_address>0x1f1f</run_address>
         <size>0x38</size>
         <input_file_ref idref="fl-3c"/>
      </object_component>
      <object_component id="oc-145">
         <name>.debug_abbrev</name>
         <load_address>0x1f57</load_address>
         <run_address>0x1f57</run_address>
         <size>0x38</size>
         <input_file_ref idref="fl-3d"/>
      </object_component>
      <object_component id="oc-14a">
         <name>.debug_abbrev</name>
         <load_address>0x1f8f</load_address>
         <run_address>0x1f8f</run_address>
         <size>0x38</size>
         <input_file_ref idref="fl-3e"/>
      </object_component>
      <object_component id="oc-14f">
         <name>.debug_abbrev</name>
         <load_address>0x1fc7</load_address>
         <run_address>0x1fc7</run_address>
         <size>0x38</size>
         <input_file_ref idref="fl-3f"/>
      </object_component>
      <object_component id="oc-154">
         <name>.debug_abbrev</name>
         <load_address>0x1fff</load_address>
         <run_address>0x1fff</run_address>
         <size>0x46</size>
         <input_file_ref idref="fl-40"/>
      </object_component>
      <object_component id="oc-159">
         <name>.debug_abbrev</name>
         <load_address>0x2045</load_address>
         <run_address>0x2045</run_address>
         <size>0x38</size>
         <input_file_ref idref="fl-41"/>
      </object_component>
      <object_component id="oc-15e">
         <name>.debug_abbrev</name>
         <load_address>0x207d</load_address>
         <run_address>0x207d</run_address>
         <size>0x38</size>
         <input_file_ref idref="fl-42"/>
      </object_component>
      <object_component id="oc-163">
         <name>.debug_abbrev</name>
         <load_address>0x20b5</load_address>
         <run_address>0x20b5</run_address>
         <size>0x38</size>
         <input_file_ref idref="fl-43"/>
      </object_component>
      <object_component id="oc-168">
         <name>.debug_abbrev</name>
         <load_address>0x20ed</load_address>
         <run_address>0x20ed</run_address>
         <size>0x38</size>
         <input_file_ref idref="fl-44"/>
      </object_component>
      <object_component id="oc-16d">
         <name>.debug_abbrev</name>
         <load_address>0x2125</load_address>
         <run_address>0x2125</run_address>
         <size>0x5f</size>
         <input_file_ref idref="fl-45"/>
      </object_component>
      <object_component id="oc-172">
         <name>.debug_abbrev</name>
         <load_address>0x2184</load_address>
         <run_address>0x2184</run_address>
         <size>0x38</size>
         <input_file_ref idref="fl-46"/>
      </object_component>
      <object_component id="oc-177">
         <name>.debug_abbrev</name>
         <load_address>0x21bc</load_address>
         <run_address>0x21bc</run_address>
         <size>0x38</size>
         <input_file_ref idref="fl-47"/>
      </object_component>
      <object_component id="oc-17c">
         <name>.debug_abbrev</name>
         <load_address>0x21f4</load_address>
         <run_address>0x21f4</run_address>
         <size>0x38</size>
         <input_file_ref idref="fl-48"/>
      </object_component>
      <object_component id="oc-181">
         <name>.debug_abbrev</name>
         <load_address>0x222c</load_address>
         <run_address>0x222c</run_address>
         <size>0x38</size>
         <input_file_ref idref="fl-49"/>
      </object_component>
      <object_component id="oc-186">
         <name>.debug_abbrev</name>
         <load_address>0x2264</load_address>
         <run_address>0x2264</run_address>
         <size>0xca</size>
         <input_file_ref idref="fl-4a"/>
      </object_component>
      <object_component id="oc-18b">
         <name>.debug_abbrev</name>
         <load_address>0x232e</load_address>
         <run_address>0x232e</run_address>
         <size>0xc1</size>
         <input_file_ref idref="fl-4b"/>
      </object_component>
      <object_component id="oc-18e">
         <name>.debug_abbrev</name>
         <load_address>0x23ef</load_address>
         <run_address>0x23ef</run_address>
         <size>0x57</size>
         <input_file_ref idref="fl-4c"/>
      </object_component>
      <object_component id="oc-192">
         <name>.debug_abbrev</name>
         <load_address>0x2446</load_address>
         <run_address>0x2446</run_address>
         <size>0xa8</size>
         <input_file_ref idref="fl-4d"/>
      </object_component>
      <object_component id="oc-197">
         <name>.debug_abbrev</name>
         <load_address>0x24ee</load_address>
         <run_address>0x24ee</run_address>
         <size>0xa8</size>
         <input_file_ref idref="fl-4e"/>
      </object_component>
      <object_component id="oc-19c">
         <name>.debug_abbrev</name>
         <load_address>0x2596</load_address>
         <run_address>0x2596</run_address>
         <size>0x9d</size>
         <input_file_ref idref="fl-4f"/>
      </object_component>
      <object_component id="oc-1a1">
         <name>.debug_abbrev</name>
         <load_address>0x2633</load_address>
         <run_address>0x2633</run_address>
         <size>0xa4</size>
         <input_file_ref idref="fl-50"/>
      </object_component>
      <object_component id="oc-1a6">
         <name>.debug_abbrev</name>
         <load_address>0x26d7</load_address>
         <run_address>0x26d7</run_address>
         <size>0xa8</size>
         <input_file_ref idref="fl-51"/>
      </object_component>
      <object_component id="oc-1ab">
         <name>.debug_abbrev</name>
         <load_address>0x277f</load_address>
         <run_address>0x277f</run_address>
         <size>0xb6</size>
         <input_file_ref idref="fl-52"/>
      </object_component>
      <object_component id="oc-217">
         <name>.debug_abbrev</name>
         <load_address>0x2835</load_address>
         <run_address>0x2835</run_address>
         <size>0xf</size>
      </object_component>
      <object_component id="oc-5f">
         <name>.debug_frame</name>
         <load_address>0x0</load_address>
         <run_address>0x0</run_address>
         <size>0x6c</size>
[...]
      <symbol id="sm-322">
         <name>_calibration_count</name>
         <value>0x8840</value>
         <object_component_ref idref="oc-ab"/>
      </symbol>
      <symbol id="sm-323">
         <name>_min_my</name>
         <value>0x8856</value>
         <object_component_ref idref="oc-ab"/>
      </symbol>
      <symbol id="sm-324">
         <name>_min_mx</name>
         <value>0x8852</value>
         <object_component_ref idref="oc-ab"/>
      </symbol>
      <symbol id="sm-325">
         <name>_min_mz</name>
         <value>0x885a</value>
         <object_component_ref idref="oc-ab"/>
      </symbol>
      <symbol id="sm-326">
         <name>_AccelZraw</name>
         <value>0x882a</value>
         <object_component_ref idref="oc-ab"/>
      </symbol>
      <symbol id="sm-327">
         <name>_gyroy</name>
         <value>0x883c</value>
         <object_component_ref idref="oc-ab"/>
      </symbol>
      <symbol id="sm-328">
         <name>_gyrox</name>
         <value>0x883a</value>
         <object_component_ref idref="oc-ab"/>
      </symbol>
      <symbol id="sm-329">
         <name>_gyroz</name>
         <value>0x883e</value>
         <object_component_ref idref="oc-ab"/>
      </symbol>
      <symbol id="sm-32a">
         <name>_ADCcount</name>
         <value>0x8832</value>
         <object_component_ref idref="oc-ab"/>
      </symbol>
      <symbol id="sm-32b">
         <name>_accely_offset</name>
         <value>0x8844</value>
         <object_component_ref idref="oc-ab"/>
      </symbol>
      <symbol id="sm-32c">
         <name>_mz_offset</name>
         <value>0x8860</value>
         <object_component_ref idref="oc-ab"/>
      </symbol>
      <symbol id="sm-32d">
         <name>_mz</name>
         <value>0x8866</value>
         <object_component_ref idref="oc-ab"/>
      </symbol>
      <symbol id="sm-32e">
         <name>_my</name>
         <value>0x8864</value>
         <object_component_ref idref="oc-ab"/>
      </symbol>
      <symbol id="sm-32f">
         <name>_mx</name>
         <value>0x8862</value>
         <object_component_ref idref="oc-ab"/>
      </symbol>
      <symbol id="sm-330">
         <name>_XG_OFFSET_H</name>
         <value>0x8801</value>
         <object_component_ref idref="oc-ab"/>
      </symbol>
      <symbol id="sm-331">
         <name>_XA_OFFSET_H</name>
         <value>0x881d</value>
         <object_component_ref idref="oc-ab"/>
      </symbol>
      <symbol id="sm-332">
         <name>_XG_OFFSET_L</name>
         <value>0x8802</value>
         <object_component_ref idref="oc-ab"/>
      </symbol>
      <symbol id="sm-333">
         <name>_XA_OFFSET_L</name>
         <value>0x881e</value>
         <object_component_ref idref="oc-ab"/>
      </symbol>
      <symbol id="sm-334">
         <name>_numRXA</name>
         <value>0x8824</value>
         <object_component_ref idref="oc-ab"/>
      </symbol>
      <symbol id="sm-335">
         <name>_YG_OFFSET_H</name>
         <value>0x8803</value>
         <object_component_ref idref="oc-ab"/>
      </symbol>
      <symbol id="sm-336">
         <name>_YA_OFFSET_H</name>
         <value>0x881f</value>
         <object_component_ref idref="oc-ab"/>
      </symbol>
      <symbol id="sm-337">
         <name>_YG_OFFSET_L</name>
         <value>0x8804</value>
         <object_component_ref idref="oc-ab"/>
      </symbol>
      <symbol id="sm-338">
         <name>_YA_OFFSET_L</name>
         <value>0x8820</value>
         <object_component_ref idref="oc-ab"/>
      </symbol>
      <symbol id="sm-339">
         <name>_mpu_roll</name>
         <value>0x8874</value>
         <object_component_ref idref="oc-ab"/>
      </symbol>
      <symbol id="sm-33a">
         <name>_ZG_OFFSET_H</name>
         <value>0x8805</value>
         <object_component_ref idref="oc-ab"/>
      </symbol>
      <symbol id="sm-33b">
         <name>_ZA_OFFSET_H</name>
         <value>0x8821</value>
         <object_component_ref idref="oc-ab"/>
      </symbol>
      <symbol id="sm-33c">
         <name>_ZG_OFFSET_L</name>
         <value>0x8806</value>
         <object_component_ref idref="oc-ab"/>
      </symbol>
      <symbol id="sm-33d">
         <name>_ZA_OFFSET_L</name>
         <value>0x8822</value>
         <object_component_ref idref="oc-ab"/>
      </symbol>
      <symbol id="sm-33e">
         <name>_R33</name>
         <value>0x8872</value>
         <object_component_ref idref="oc-ab"/>
      </symbol>
      <symbol id="sm-33f">
         <name>_R32</name>
         <value>0x8870</value>
         <object_component_ref idref="oc-ab"/>
      </symbol>
      <symbol id="sm-340">
         <name>_R31</name>
         <value>0x886e</value>
         <object_component_ref idref="oc-ab"/>
      </symbol>
      <symbol id="sm-341">
         <name>_ADC0raw</name>
         <value>0x8826</value>
         <object_component_ref idref="oc-ab"/>
      </symbol>
      <symbol id="sm-342">
         <name>_R21</name>
         <value>0x886c</value>
         <object_component_ref idref="oc-ab"/>
      </symbol>
      <symbol id="sm-343">
         <name>_SMPLRT_DIV</name>
         <value>0x8807</value>
         <object_component_ref idref="oc-ab"/>
      </symbol>
      <symbol id="sm-344">
         <name>_I2C_SLV1_DO</name>
         <value>0x8818</value>
         <object_component_ref idref="oc-ab"/>
      </symbol>
      <symbol id="sm-345">
         <name>_temp</name>
         <value>0x8800</value>
         <object_component_ref idref="oc-ab"/>
      </symbol>
      <symbol id="sm-346">
         <name>_I2C_MST_CTRL</name>
         <value>0x880f</value>
         <object_component_ref idref="oc-ab"/>
      </symbol>
      <symbol id="sm-347">
         <name>_R11</name>
         <value>0x886a</value>
         <object_component_ref idref="oc-ab"/>
      </symbol>
      <symbol id="sm-348">
         <name>_gyroZraw</name>
         <value>0x882d</value>
         <object_component_ref idref="oc-ab"/>
      </symbol>
      <symbol id="sm-349">
         <name>_I2C_SLV1_REG</name>
         <value>0x8814</value>
         <object_component_ref idref="oc-ab"/>
      </symbol>
      <symbol id="sm-34a">
         <name>_readdata</name>
         <value>0x88ba</value>
         <object_component_ref idref="oc-1b4"/>
      </symbol>
      <symbol id="sm-34b">
         <name>_accelx_offset</name>
         <value>0x8842</value>
         <object_component_ref idref="oc-ab"/>
      </symbol>
      <symbol id="sm-34c">
         <name>_pitch_tilt</name>
         <value>0x887a</value>
         <object_component_ref idref="oc-ab"/>
      </symbol>
      <symbol id="sm-34d">
         <name>_INT_STATUS</name>
         <value>0x8817</value>
         <object_component_ref idref="oc-ab"/>
      </symbol>
      <symbol id="sm-34e">
         <name>_gyroz_offset</name>
         <value>0x884c</value>
         <object_component_ref idref="oc-ab"/>
      </symbol>
      <symbol id="sm-34f">
         <name>_SPI_RXint</name>
         <value>0x3f6309</value>
         <object_component_ref idref="oc-ac"/>
      </symbol>
      <symbol id="sm-351">
         <name>_calibration_state</name>
         <value>0x882e</value>
         <object_component_ref idref="oc-ab"/>
      </symbol>
      <symbol id="sm-352">
         <name>_I2C_SLV0_REG</name>
         <value>0x8811</value>
         <object_component_ref idref="oc-ab"/>
      </symbol>
      <symbol id="sm-353">
         <name>_LP_ACCEL_ODR</name>
         <value>0x880c</value>
         <object_component_ref idref="oc-ab"/>
      </symbol>
      <symbol id="sm-354">
         <name>_Timer0Count</name>
         <value>0x8825</value>
         <object_component_ref idref="oc-ab"/>
      </symbol>
      <symbol id="sm-355">
         <name>_GYRO_CONFIG</name>
         <value>0x8809</value>
         <object_component_ref idref="oc-ab"/>
      </symbol>
      <symbol id="sm-356">
         <name>_max_my</name>
         <value>0x8854</value>
         <object_component_ref idref="oc-ab"/>
      </symbol>
      <symbol id="sm-357">
         <name>_max_mx</name>
         <value>0x8850</value>
         <object_component_ref idref="oc-ab"/>
      </symbol>
      <symbol id="sm-358">
         <name>_max_mz</name>
         <value>0x8858</value>
         <object_component_ref idref="oc-ab"/>
      </symbol>
      <symbol id="sm-359">
         <name>_I2C_MST_DELAY_CTRL</name>
         <value>0x8819</value>
         <object_component_ref idref="oc-ab"/>
      </symbol>
      <symbol id="sm-35a">
         <name>_USER_CTRL</name>
         <value>0x881a</value>
         <object_component_ref idref="oc-ab"/>
      </symbol>
      <symbol id="sm-35b">
         <name>_my_offset</name>
         <value>0x885e</value>
         <object_component_ref idref="oc-ab"/>
      </symbol>
      <symbol id="sm-35c">
         <name>_AccelYraw</name>
         <value>0x8829</value>
         <object_component_ref idref="oc-ab"/>
      </symbol>
      <symbol id="sm-35d">
         <name>_gyroy_offset</name>
         <value>0x884a</value>
         <object_component_ref idref="oc-ab"/>
      </symbol>
      <symbol id="sm-35e">
         <name>_WHO_AM_I</name>
         <value>0x881c</value>
         <object_component_ref idref="oc-ab"/>
      </symbol>
      <symbol id="sm-35f">
         <name>_I2C_SLV1_CTRL</name>
         <value>0x8815</value>
         <object_component_ref idref="oc-ab"/>
      </symbol>
      <symbol id="sm-360">
         <name>_I2C_SLV0_CTRL</name>
         <value>0x8812</value>
         <object_component_ref idref="oc-ab"/>
      </symbol>
      <symbol id="sm-361">
         <name>_ACCEL_CONFIG_2</name>
         <value>0x880b</value>
         <object_component_ref idref="oc-ab"/>
      </symbol>
      <symbol id="sm-362">
         <name>_setupSpia</name>
         <value>0x3f6917</value>
         <object_component_ref idref="oc-1bd"/>
      </symbol>
      <symbol id="sm-371">
         <name>_vsprintf</name>
         <value>0x3f7e53</value>
         <object_component_ref idref="oc-1c1"/>
      </symbol>
      <symbol id="sm-3a4">
         <name>_atan2f</name>
         <value>0x3f78ed</value>
         <object_component_ref idref="oc-1b7"/>
      </symbol>
      <symbol id="sm-3a6">
         <name>_atan2</name>
         <value>0x3f78ed</value>
         <object_component_ref idref="oc-1b7"/>
      </symbol>
      <symbol id="sm-3c1">
         <name>_sqrtf</name>
         <value>0x3f7c7b</value>
         <object_component_ref idref="oc-1b8"/>
      </symbol>
      <symbol id="sm-3c3">
         <name>_sqrt</name>
         <value>0x3f7c7b</value>
         <object_component_ref idref="oc-1b8"/>
      </symbol>
      <symbol id="sm-3ea">
         <name>_atan</name>
         <value>0x3f75cf</value>
         <object_component_ref idref="oc-1b6"/>
      </symbol>
      <symbol id="sm-3eb">
         <name>_atanf</name>
         <value>0x3f75cf</value>
         <object_component_ref idref="oc-1b6"/>
      </symbol>
      <symbol id="sm-407">
         <name>_c_int00</name>
         <value>0x3f7dbd</value>
         <object_component_ref idref="oc-38"/>
      </symbol>
      <symbol id="sm-408">
         <name>__stack</name>
         <value>0x50</value>
         <object_component_ref idref="oc-c9"/>
      </symbol>
      <symbol id="sm-422">
         <name>FS$$ADD</name>
         <value>0x3f7c08</value>
         <object_component_ref idref="oc-cf"/>
      </symbol>
      <symbol id="sm-423">
         <name>FS$$SUB</name>
         <value>0x3f7c03</value>
         <object_component_ref idref="oc-cf"/>
      </symbol>
      <symbol id="sm-435">
         <name>FS$$CMP</name>
         <value>0x3f2140</value>
         <object_component_ref idref="oc-d4"/>
      </symbol>
      <symbol id="sm-446">
         <name>FS$$DIV</name>
         <value>0x3f7b80</value>
         <object_component_ref idref="oc-d9"/>
      </symbol>
      <symbol id="sm-457">
         <name>FS$$MPY</name>
         <value>0x3f7d63</value>
         <object_component_ref idref="oc-de"/>
      </symbol>
      <symbol id="sm-464">
         <name>FS$$NEG</name>
         <value>0x3f21b1</value>
         <object_component_ref idref="oc-e3"/>
      </symbol>
      <symbol id="sm-477">
         <name>FS$$TOL</name>
         <value>0x3f7eff</value>
         <object_component_ref idref="oc-e8"/>
      </symbol>
      <symbol id="sm-486">
         <name>I$$TOFS</name>
         <value>0x3f210e</value>
         <object_component_ref idref="oc-ed"/>
      </symbol>
      <symbol id="sm-492">
         <name>U$$MOD</name>
         <value>0x3f218b</value>
         <object_component_ref idref="oc-f2"/>
      </symbol>
      <symbol id="sm-493">
         <name>U$$DIV</name>
         <value>0x3f2186</value>
         <object_component_ref idref="oc-f2"/>
      </symbol>
      <symbol id="sm-49f">
         <name>UL$$MOD</name>
         <value>0x3f7ed0</value>
         <object_component_ref idref="oc-f7"/>
      </symbol>
      <symbol id="sm-4a0">
         <name>L$$MOD</name>
         <value>0x3f7ebb</value>
         <object_component_ref idref="oc-f7"/>
      </symbol>
      <symbol id="sm-4a1">
         <name>L$$DIV</name>
         <value>0x3f7eac</value>
         <object_component_ref idref="oc-f7"/>
      </symbol>
      <symbol id="sm-4a2">
         <name>UL$$DIV</name>
         <value>0x3f7ec9</value>
         <object_component_ref idref="oc-f7"/>
      </symbol>
      <symbol id="sm-4b1">
         <name>_copy_in</name>
         <value>0x3f2000</value>
         <object_component_ref idref="oc-1ae"/>
      </symbol>
      <symbol id="sm-4c3">
         <name>_memcpy</name>
         <value>0x3f209f</value>
         <object_component_ref idref="oc-1bc"/>
      </symbol>
      <symbol id="sm-4d0">
         <name>__system_pre_init</name>
         <value>0x3f21bb</value>
         <object_component_ref idref="oc-1ad"/>
      </symbol>
      <symbol id="sm-4de">
         <name>__system_post_cinit</name>
         <value>0x3f7f7f</value>
         <object_component_ref idref="oc-1af"/>
      </symbol>
      <symbol id="sm-4f3">
         <name>C$$EXIT</name>
         <value>0x3f7ed6</value>
         <object_component_ref idref="oc-1b1"/>
      </symbol>
      <symbol id="sm-4f4">
         <name>_exit</name>
         <value>0x3f7ed8</value>
         <object_component_ref idref="oc-1b1"/>
      </symbol>
      <symbol id="sm-4f6">
         <name>___TI_cleanup_ptr</name>
         <value>0x88b6</value>
         <object_component_ref idref="oc-112"/>
      </symbol>
      <symbol id="sm-4f7">
         <name>___TI_enable_exit_profile_output</name>
         <value>0x88b4</value>
         <object_component_ref idref="oc-112"/>
      </symbol>
      <symbol id="sm-4f8">
         <name>_abort</name>
         <value>0x3f7ed6</value>
         <object_component_ref idref="oc-1b1"/>
      </symbol>
      <symbol id="sm-4fa">
         <name>___TI_dtors_ptr</name>
         <value>0x88b8</value>
         <object_component_ref idref="oc-112"/>
      </symbol>
      <symbol id="sm-50e">
         <name>__unlock</name>
         <value>0x8934</value>
         <object_component_ref idref="oc-1d0"/>
      </symbol>
      <symbol id="sm-50f">
         <name>__lock</name>
         <value>0x88be</value>
         <object_component_ref idref="oc-1be"/>
      </symbol>
      <symbol id="sm-510">
         <name>__register_lock</name>
         <value>0x3f7f7a</value>
         <object_component_ref idref="oc-1cc"/>
      </symbol>
      <symbol id="sm-512">
         <name>__nop</name>
         <value>0x3f7f7e</value>
         <object_component_ref idref="oc-1cc"/>
      </symbol>
      <symbol id="sm-514">
         <name>__register_unlock</name>
         <value>0x3f7f76</value>
         <object_component_ref idref="oc-1cc"/>
      </symbol>
      <symbol id="sm-524">
         <name>__args_main</name>
         <value>0x3f2157</value>
         <object_component_ref idref="oc-1b0"/>
      </symbol>
      <symbol id="sm-532">
         <name>_strlen</name>
         <value>0x3f21a2</value>
         <object_component_ref idref="oc-1c2"/>
      </symbol>
      <symbol id="sm-53d">
         <name>_errno</name>
         <value>0x8936</value>
         <object_component_ref idref="oc-128"/>
      </symbol>
      <symbol id="sm-581">
         <name>___TI_printfi_minimal</name>
         <value>0x3f7282</value>
         <object_component_ref idref="oc-1ce"/>
      </symbol>
      <symbol id="sm-5bc">
         <name>FD$$ADD</name>
         <value>0x3f79d6</value>
         <object_component_ref idref="oc-13d"/>
      </symbol>
      <symbol id="sm-5cc">
         <name>FD$$CMP</name>
         <value>0x3f7e82</value>
         <object_component_ref idref="oc-142"/>
      </symbol>
      <symbol id="sm-5de">
         <name>FD$$MPY</name>
         <value>0x3f7afd</value>
         <object_component_ref idref="oc-147"/>
      </symbol>
      <symbol id="sm-5eb">
         <name>FD$$NEG</name>
         <value>0x3f2191</value>
         <object_component_ref idref="oc-14c"/>
      </symbol>
      <symbol id="sm-5f7">
         <name>FD$$SUB</name>
         <value>0x3f2178</value>
         <object_component_ref idref="oc-151"/>
      </symbol>
      <symbol id="sm-606">
         <name>FD$$TOI</name>
         <value>0x3f2024</value>
         <object_component_ref idref="oc-156"/>
      </symbol>
      <symbol id="sm-615">
         <name>FD$$TOL</name>
         <value>0x3f2045</value>
         <object_component_ref idref="oc-15b"/>
      </symbol>
      <symbol id="sm-621">
         <name>LL$$AND</name>
         <value>0x3f2128</value>
         <object_component_ref idref="oc-160"/>
      </symbol>
      <symbol id="sm-622">
         <name>LL$$OR</name>
         <value>0x3f2130</value>
         <object_component_ref idref="oc-160"/>
      </symbol>
      <symbol id="sm-623">
         <name>LL$$XOR</name>
         <value>0x3f2138</value>
         <object_component_ref idref="oc-160"/>
      </symbol>
      <symbol id="sm-631">
         <name>ULL$$CMP</name>
         <value>0x3f2076</value>
         <object_component_ref idref="oc-165"/>
      </symbol>
      <symbol id="sm-632">
         <name>LL$$CMP</name>
         <value>0x3f2064</value>
         <object_component_ref idref="oc-165"/>
      </symbol>
      <symbol id="sm-65e">
         <name>ULL$$MOD</name>
         <value>0x3f778c</value>
         <object_component_ref idref="oc-16a"/>
      </symbol>
      <symbol id="sm-65f">
         <name>ULL$$DIV</name>
         <value>0x3f775d</value>
         <object_component_ref idref="oc-16a"/>
      </symbol>
      <symbol id="sm-660">
         <name>LL$$MOD</name>
         <value>0x3f7723</value>
         <object_component_ref idref="oc-16a"/>
      </symbol>
      <symbol id="sm-661">
         <name>LL$$DIV</name>
         <value>0x3f76e7</value>
         <object_component_ref idref="oc-16a"/>
      </symbol>
      <symbol id="sm-671">
         <name>I$$TOFD</name>
         <value>0x3f2082</value>
         <object_component_ref idref="oc-16f"/>
      </symbol>
      <symbol id="sm-681">
         <name>L$$TOFD</name>
         <value>0x3f20d8</value>
         <object_component_ref idref="oc-174"/>
      </symbol>
      <symbol id="sm-691">
         <name>FS$$TOFD</name>
         <value>0x3f20bc</value>
         <object_component_ref idref="oc-179"/>
      </symbol>
      <symbol id="sm-6a8">
         <name>FD$$DIV</name>
         <value>0x3f7a72</value>
         <object_component_ref idref="oc-17e"/>
      </symbol>
      <symbol id="sm-6ce">
         <name>_memccpy</name>
         <value>0x3f2168</value>
         <object_component_ref idref="oc-1d3"/>
      </symbol>
      <symbol id="sm-6dd">
         <name>_memset</name>
         <value>0x3f21aa</value>
         <object_component_ref idref="oc-1d1"/>
      </symbol>
      <symbol id="sm-6f4">
         <name>_strcpy</name>
         <value>0x3f21b6</value>
         <object_component_ref idref="oc-1d2"/>
      </symbol>
   </symbol_table>
   <title>Link successful</title>
</link_info>
