******************************************************************************
             TMS320C2000 Linker PC v21.6.0                     
******************************************************************************
>> Linked Sun Nov 20 18:28:47 2022

OUTPUT FILE NAME:   <quadStarter_f28027.out>
ENTRY POINT SYMBOL: "_c_int00"  address: 003f7dbd


MEMORY CONFIGURATION

         name            origin    length      used     unused   attr    fill
----------------------  --------  ---------  --------  --------  ----  --------
PAGE 0:
  PRAML0                00008000   00000800  000000de  00000722  RWIX
  OTP                   003d7800   00000400  00000000  00000400  RWIX
  FLASHD                003f0000   00002000  00000000  00002000  RWIX
  FLASHC                003f2000   00002000  00000387  00001c79  RWIX
  FLASHA                003f6000   00001f80  00001f80  00000000  RWIX
  CSM_RSVD              003f7f80   00000076  00000000  00000076  RWIX
  BEGIN                 003f7ff6   00000002  00000002  00000000  RWIX
  CSM_PWL_P0            003f7ff8   00000008  00000000  00000008  RWIX
  IQTABLES              003fe000   00000b50  00000000  00000b50  RWIX
  IQTABLES2             003feb50   0000008c  00000000  0000008c  RWIX
  IQTABLES3             003febdc   000000aa  00000000  000000aa  RWIX
  ROM                   003ff27c   00000d44  00000000  00000d44  RWIX
  RESET                 003fffc0   00000002  00000000  00000002  RWIX
  VECTORS               003fffc2   0000003e  00000000  0000003e  RWIX

PAGE 1:
  BOOT_RSVD             00000000   00000050  00000000  00000050  RWIX
  RAMM0                 00000050   000003b0  00000200  000001b0  RWIX
  RAMM1                 00000400   00000400  00000000  00000400  RWIX
  DEV_EMU               00000880   00000105  00000004  00000101  RWIX
  SYS_PWR_CTL           00000985   00000003  00000003  00000000  RWIX
  FLASH_REGS            00000a80   00000060  00000008  00000058  RWIX
  CSM                   00000ae0   00000010  00000010  00000000  RWIX
  ADC_RESULT            00000b00   00000020  00000020  00000000  RWIX
  CPU_TIMER0            00000c00   00000008  00000008  00000000  RWIX
  CPU_TIMER1            00000c08   00000008  00000008  00000000  RWIX
  CPU_TIMER2            00000c10   00000008  00000008  00000000  RWIX
  PIE_CTRL              00000ce0   00000020  0000001a  00000006  RWIX
  PIE_VECT              00000d00   00000100  00000100  00000000  RWIX
  COMP1                 00006400   00000020  00000020  00000000  RWIX
  COMP2                 00006420   00000020  00000020  00000000  RWIX
  EPWM1                 00006800   00000040  00000040  00000000  RWIX
  EPWM2                 00006840   00000040  00000040  00000000  RWIX
  EPWM3                 00006880   00000040  00000040  00000000  RWIX
  EPWM4                 000068c0   00000040  00000040  00000000  RWIX
  ECAP1                 00006a00   00000020  00000020  00000000  RWIX
  GPIOCTRL              00006f80   00000040  00000040  00000000  RWIX
  GPIODAT               00006fc0   00000020  00000020  00000000  RWIX
  GPIOINT               00006fe0   00000020  0000000a  00000016  RWIX
  SYSTEM                00007010   00000020  0000001f  00000001  RWIX
  SPIA                  00007040   00000010  00000010  00000000  RWIX
  SCIA                  00007050   00000010  00000010  00000000  RWIX
  NMIINTRUPT            00007060   00000010  00000010  00000000  RWIX
  XINTRUPT              00007070   00000010  00000010  00000000  RWIX
  ADC                   00007100   00000080  00000051  0000002f  RWIX
  I2CA                  00007900   00000040  00000022  0000001e  RWIX
  DRAML0                00008800   00000800  00000137  000006c9  RWIX
  PARTID                003d7fff   00000001  00000001  00000000  RWIX
  FLASHB                003f4000   00002000  00000000  00002000  RWIX
  CSM_PWL               003f7ff8   00000008  00000008  00000000  RWIX


SECTION ALLOCATION MAP

 output                                  attributes/
section   page    origin      length       input sections
--------  ----  ----------  ----------   ----------------
.cinit     0    003f21bd    000001ca     
                  003f21bd    00000191     quad_main.obj (.cinit)
                  003f234e    00000014     MadgwickAHRS.obj (.cinit)
                  003f2362    0000000e     rts2800_ml.lib : exit.c.obj (.cinit)
                  003f2370    00000007     quad_main.obj (.cinit:_readdata)
                  003f2377    00000005     rts2800_ml.lib : _lock.c.obj (.cinit:__lock)
                  003f237c    00000005                    : _lock.c.obj (.cinit:__unlock)
                  003f2381    00000004                    : errno.c.obj (.cinit)
                  003f2385    00000002     --HOLE-- [fill = 0]

.pinit     0    003f6000    00000000     UNINITIALIZED

ramfuncs   0    003f61bc    000000de     RUN ADDR = 00008000
                  003f61bc    0000006e     f28027Serial.obj (ramfuncs:retain)
                  003f622a    0000006c     f28027Serial.obj (ramfuncs)
                  003f6296    00000004     f2802x_usdelay.obj (ramfuncs)

codestart 
*          0    003f7ff6    00000002     
                  003f7ff6    00000002     f2802x_codestartbranch.obj (codestart)

.stack     1    00000050    00000200     UNINITIALIZED
                  00000050    00000200     --HOLE--

DevEmuRegsFile 
*          1    00000880    00000004     UNINITIALIZED
                  00000880    00000004     F2802x_GlobalVariableDefs.obj (DevEmuRegsFile)

SysPwrCtrlRegsFile 
*          1    00000985    00000003     UNINITIALIZED
                  00000985    00000003     F2802x_GlobalVariableDefs.obj (SysPwrCtrlRegsFile)

FlashRegsFile 
*          1    00000a80    00000008     UNINITIALIZED
                  00000a80    00000008     F2802x_GlobalVariableDefs.obj (FlashRegsFile)

CsmRegsFile 
*          1    00000ae0    00000010     UNINITIALIZED
                  00000ae0    00000010     F2802x_GlobalVariableDefs.obj (CsmRegsFile)

AdcResultFile 
*          1    00000b00    00000020     UNINITIALIZED
                  00000b00    00000020     F2802x_GlobalVariableDefs.obj (AdcResultFile)

CpuTimer0RegsFile 
*          1    00000c00    00000008     UNINITIALIZED
                  00000c00    00000008     F2802x_GlobalVariableDefs.obj (CpuTimer0RegsFile)

CpuTimer1RegsFile 
*          1    00000c08    00000008     UNINITIALIZED
                  00000c08    00000008     F2802x_GlobalVariableDefs.obj (CpuTimer1RegsFile)

CpuTimer2RegsFile 
*          1    00000c10    00000008     UNINITIALIZED
                  00000c10    00000008     F2802x_GlobalVariableDefs.obj (CpuTimer2RegsFile)

PieCtrlRegsFile 
*          1    00000ce0    0000001a     UNINITIALIZED
                  00000ce0    0000001a     F2802x_GlobalVariableDefs.obj (PieCtrlRegsFile)

Comp1RegsFile 
*          1    00006400    00000020     UNINITIALIZED
                  00006400    00000020     F2802x_GlobalVariableDefs.obj (Comp1RegsFile)

Comp2RegsFile 
*          1    00006420    00000020     UNINITIALIZED
                  00006420    00000020     F2802x_GlobalVariableDefs.obj (Comp2RegsFile)

EPwm1RegsFile 
*          1    00006800    00000040     UNINITIALIZED
                  00006800    00000040     F2802x_GlobalVariableDefs.obj (EPwm1RegsFile)

EPwm2RegsFile 
*          1    00006840    00000040     UNINITIALIZED
                  00006840    00000040     F2802x_GlobalVariableDefs.obj (EPwm2RegsFile)

EPwm3RegsFile 
*          1    00006880    00000040     UNINITIALIZED
                  00006880    00000040     F2802x_GlobalVariableDefs.obj (EPwm3RegsFile)

EPwm4RegsFile 
*          1    000068c0    00000040     UNINITIALIZED
                  000068c0    00000040     F2802x_GlobalVariableDefs.obj (EPwm4RegsFile)

.ebss      1    00008800    00000137     UNINITIALIZED
                  00008800    00000084     quad_main.obj (.ebss)
                  00008884    00000018     f2802x_cputimers.obj (.ebss)
                  0000889c    00000008     MadgwickAHRS.obj (.ebss)
                  000088a4    00000008     quad_main.obj (.ebss:_DotQuaternions)
                  000088ac    00000008     quad_main.obj (.ebss:_Quaternions)
                  000088b4    00000006     rts2800_ml.lib : exit.c.obj (.ebss)
                  000088ba    00000004     quad_main.obj (.ebss:_readdata)
                  000088be    00000002     rts2800_ml.lib : _lock.c.obj (.ebss:__lock)
                  000088c0    00000074     f28027Serial.obj (.ebss)
                  00008934    00000002     rts2800_ml.lib : _lock.c.obj (.ebss:__unlock)
                  00008936    00000001                    : errno.c.obj (.ebss)

.econst    0    003f6000    000001bc     
                  003f6000    00000100     f2802x_pievect.obj (.econst:_PieVectTableInit)
                  003f6100    00000027     quad_main.obj (.econst:.string)
                  003f6127    00000001     --HOLE-- [fill = 0]
                  003f6128    00000026     rts2800_ml.lib : _printfi.c.obj (.econst:.string)
                  003f614e    0000001c                    : _printfi.c.obj (.econst)
                  003f616a    0000001c                    : s_scalbn.c.obj (.econst)
                  003f6186    0000000c                    : e_atan2f.c.obj (.econst)
                  003f6192    0000000a                    : s_atanf.c.obj (.econst:_aT)
                  003f619c    00000008                    : s_atanf.c.obj (.econst:_atanhi)
                  003f61a4    00000008                    : s_atanf.c.obj (.econst:_atanlo)
                  003f61ac    00000008                    : s_frexp.c.obj (.econst)
                  003f61b4    00000004                    : e_sqrtf.c.obj (.econst)
                  003f61b8    00000004                    : s_atanf.c.obj (.econst)

.reset     0    003fffc0    00000002     DSECT
                  003fffc0    00000002     rts2800_ml.lib : boot28.asm.obj (.reset)

vectors    0    003fffc2    00000000     DSECT

PieVectTableFile 
*          1    00000d00    00000100     UNINITIALIZED
                  00000d00    00000100     F2802x_GlobalVariableDefs.obj (PieVectTableFile)

EmuKeyVar 
*          1    00000d00    00000001     UNINITIALIZED
                  00000d00    00000001     F2802x_GlobalVariableDefs.obj (EmuKeyVar)

EmuBModeVar 
*          1    00000d01    00000001     UNINITIALIZED
                  00000d01    00000001     F2802x_GlobalVariableDefs.obj (EmuBModeVar)

FlashCallbackVar 
*          1    00000d02    00000002     UNINITIALIZED
                  00000d02    00000002     F2802x_GlobalVariableDefs.obj (FlashCallbackVar)

FlashScalingVar 
*          1    00000d04    00000002     UNINITIALIZED
                  00000d04    00000002     F2802x_GlobalVariableDefs.obj (FlashScalingVar)

ECap1RegsFile 
*          1    00006a00    00000020     UNINITIALIZED
                  00006a00    00000020     F2802x_GlobalVariableDefs.obj (ECap1RegsFile)

GpioCtrlRegsFile 
*          1    00006f80    00000040     UNINITIALIZED
                  00006f80    00000040     F2802x_GlobalVariableDefs.obj (GpioCtrlRegsFile)

GpioDataRegsFile 
*          1    00006fc0    00000020     UNINITIALIZED
                  00006fc0    00000020     F2802x_GlobalVariableDefs.obj (GpioDataRegsFile)

GpioIntRegsFile 
*          1    00006fe0    0000000a     UNINITIALIZED
                  00006fe0    0000000a     F2802x_GlobalVariableDefs.obj (GpioIntRegsFile)

SysCtrlRegsFile 
*          1    00007010    0000001f     UNINITIALIZED
                  00007010    0000001f     F2802x_GlobalVariableDefs.obj (SysCtrlRegsFile)

SpiaRegsFile 
*          1    00007040    00000010     UNINITIALIZED
                  00007040    00000010     F2802x_GlobalVariableDefs.obj (SpiaRegsFile)

SciaRegsFile 
*          1    00007050    00000010     UNINITIALIZED
                  00007050    00000010     F2802x_GlobalVariableDefs.obj (SciaRegsFile)

NmiIntruptRegsFile 
*          1    00007060    00000010     UNINITIALIZED
                  00007060    00000010     F2802x_GlobalVariableDefs.obj (NmiIntruptRegsFile)

XIntruptRegsFile 
*          1    00007070    00000010     UNINITIALIZED
                  00007070    00000010     F2802x_GlobalVariableDefs.obj (XIntruptRegsFile)

AdcRegsFile 
*          1    00007100    00000051     UNINITIALIZED
                  00007100    00000051     F2802x_GlobalVariableDefs.obj (AdcRegsFile)

I2caRegsFile 
*          1    00007900    00000022     UNINITIALIZED
                  00007900    00000022     F2802x_GlobalVariableDefs.obj (I2caRegsFile)

PartIdRegsFile 
*          1    003d7fff    00000001     UNINITIALIZED
                  003d7fff    00000001     F2802x_GlobalVariableDefs.obj (PartIdRegsFile)

CsmPwlFile 
*          1    003f7ff8    00000008     UNINITIALIZED
                  003f7ff8    00000008     F2802x_GlobalVariableDefs.obj (CsmPwlFile)

.text.1    0    003f2000    000001bd     
                  003f2000    00000024     rts2800_ml.lib : cpy_tbl.c.obj (.text)
                  003f2024    00000021                    : fd_toi28.asm.obj (.text)
                  003f2045    0000001f                    : fd_tol28.asm.obj (.text)
                  003f2064    0000001e                    : ll_cmp28.asm.obj (.text)
                  003f2082    0000001d                    : i_tofd28.asm.obj (.text)
                  003f209f    0000001d                    : memcpy.c.obj (.text)
                  003f20bc    0000001c                    : fs_tofd28.asm.obj (.text)
                  003f20d8    0000001c                    : l_tofd28.asm.obj (.text)
                  003f20f4    0000001a     f2802x_sci.obj (.text)
                  003f210e    0000001a     rts2800_ml.lib : i_tofs28.asm.obj (.text)
                  003f2128    00000018                    : ll_aox28.asm.obj (.text)
                  003f2140    00000017                    : fs_cmp28.asm.obj (.text)
                  003f2157    00000011                    : args_main.c.obj (.text)
                  003f2168    00000010                    : memccpy.c.obj (.text)
                  003f2178    0000000e                    : fd_sub28.asm.obj (.text)
                  003f2186    0000000b                    : u_div28.asm.obj (.text)
                  003f2191    00000009                    : fd_neg28.asm.obj (.text)
                  003f219a    00000008     f2802x_codestartbranch.obj (.text)
                  003f21a2    00000008     rts2800_ml.lib : strlen.c.obj (.text)
                  003f21aa    00000007                    : memset.c.obj (.text)
                  003f21b1    00000005                    : fs_neg28.asm.obj (.text)
                  003f21b6    00000005                    : strcpy.c.obj (.text)
                  003f21bb    00000002                    : pre_init.c.obj (.text)

.text.2    0    003f629a    00001ce6     
                  003f629a    0000050f     quad_main.obj (.text:retain)
                  003f67a9    00000447     quad_main.obj (.text)
                  003f6bf0    00000350     MadgwickAHRS.obj (.text)
                  003f6f40    0000022e     f2802x_adc.obj (.text)
                  003f716e    00000196     rts2800_ml.lib : _printfi.c.obj (.text:__TI_printfi_minimal)
                  003f7304    00000191     f28027Serial.obj (.text)
                  003f7495    0000013a     f2802x_sysctrl.obj (.text)
                  003f75cf    00000118     rts2800_ml.lib : s_atanf.c.obj (.text)
                  003f76e7    00000107                    : ll_div28.asm.obj (.text)
                  003f77ee    000000ff     f2802x_defaultisr.obj (.text:retain)
                  003f78ed    000000e9     rts2800_ml.lib : e_atan2f.c.obj (.text)
                  003f79d6    0000009c                    : fd_add28.asm.obj (.text)
                  003f7a72    0000008b                    : fd_div28.asm.obj (.text)
                  003f7afd    00000083                    : fd_mpy28.asm.obj (.text)
                  003f7b80    00000083                    : fs_div28.asm.obj (.text)
                  003f7c03    00000078                    : fs_add28.asm.obj (.text)
                  003f7c7b    00000075                    : e_sqrtf.c.obj (.text)
                  003f7cf0    00000073     f2802x_cputimers.obj (.text)
                  003f7d63    0000005a     rts2800_ml.lib : fs_mpy28.asm.obj (.text)
                  003f7dbd    00000054                    : boot28.asm.obj (.text)
                  003f7e11    00000042     f2802x_spi.obj (.text)
                  003f7e53    0000002f     rts2800_ml.lib : vsprintf.c.obj (.text)
                  003f7e82    0000002a                    : fd_cmp28.asm.obj (.text)
                  003f7eac    0000002a                    : l_div28.asm.obj (.text)
                  003f7ed6    00000029                    : exit.c.obj (.text)
                  003f7eff    00000029                    : fs_tol28.asm.obj (.text)
                  003f7f28    00000028     f2802x_piectrl.obj (.text)
                  003f7f50    00000026     f2802x_pievect.obj (.text)
                  003f7f76    00000009     rts2800_ml.lib : _lock.c.obj (.text)
                  003f7f7f    00000001                    : startup.c.obj (.text)

MODULE SUMMARY

       Module                          code   initialized data   uninitialized data
       ------                          ----   ----------------   ------------------
    .\
       quad_main.obj                   2390   447                152               
       F2802x_GlobalVariableDefs.obj   0      0                  1052              
       f28027Serial.obj                837    0                  116               
       MadgwickAHRS.obj                848    20                 8                 
       f2802x_adc.obj                  558    0                  0                 
       f2802x_sysctrl.obj              314    0                  0                 
       f2802x_pievect.obj              38     256                0                 
       f2802x_defaultisr.obj           255    0                  0                 
       f2802x_cputimers.obj            115    0                  24                
       f2802x_spi.obj                  66     0                  0                 
       f2802x_piectrl.obj              40     0                  0                 
       f2802x_sci.obj                  26     0                  0                 
       f2802x_codestartbranch.obj      10     0                  0                 
       f2802x_usdelay.obj              8      0                  0                 
    +--+-------------------------------+------+------------------+--------------------+
       Total:                          5505   723                1352              
                                                                                   
    C:\ti\ccs1120\ccs\tools\compiler\ti-cgt-c2000_21.6.0.LTS\lib\rts2800_ml.lib
       _printfi.c.obj                  406    66                 0                 
       s_atanf.c.obj                   280    30                 0                 
       ll_div28.asm.obj                263    0                  0                 
       e_atan2f.c.obj                  233    12                 0                 
       fd_add28.asm.obj                156    0                  0                 
       fd_div28.asm.obj                139    0                  0                 
       fd_mpy28.asm.obj                131    0                  0                 
       fs_div28.asm.obj                131    0                  0                 
       e_sqrtf.c.obj                   117    4                  0                 
       fs_add28.asm.obj                120    0                  0                 
       fs_mpy28.asm.obj                90     0                  0                 
       boot28.asm.obj                  84     0                  0                 
       exit.c.obj                      41     14                 6                 
       vsprintf.c.obj                  47     0                  0                 
       fd_cmp28.asm.obj                42     0                  0                 
       l_div28.asm.obj                 42     0                  0                 
       fs_tol28.asm.obj                41     0                  0                 
       cpy_tbl.c.obj                   36     0                  0                 
       fd_toi28.asm.obj                33     0                  0                 
       fd_tol28.asm.obj                31     0                  0                 
       ll_cmp28.asm.obj                30     0                  0                 
       i_tofd28.asm.obj                29     0                  0                 
       memcpy.c.obj                    29     0                  0                 
       fs_tofd28.asm.obj               28     0                  0                 
       l_tofd28.asm.obj                28     0                  0                 
       s_scalbn.c.obj                  0      28                 0                 
       i_tofs28.asm.obj                26     0                  0                 
       ll_aox28.asm.obj                24     0                  0                 
       _lock.c.obj                     9      10                 4                 
       fs_cmp28.asm.obj                23     0                  0                 
       args_main.c.obj                 17     0                  0                 
       memccpy.c.obj                   16     0                  0                 
       fd_sub28.asm.obj                14     0                  0                 
       u_div28.asm.obj                 11     0                  0                 
       fd_neg28.asm.obj                9      0                  0                 
       s_frexp.c.obj                   0      8                  0                 
       strlen.c.obj                    8      0                  0                 
       memset.c.obj                    7      0                  0                 
       errno.c.obj                     0      4                  1                 
       fs_neg28.asm.obj                5      0                  0                 
       strcpy.c.obj                    5      0                  0                 
       pre_init.c.obj                  2      0                  0                 
       startup.c.obj                   1      0                  0                 
    +--+-------------------------------+------+------------------+--------------------+
       Total:                          2784   176                11                
                                                                                   
       Stack:                          0      0                  512               
    +--+-------------------------------+------+------------------+--------------------+
       Grand Total:                    8289   899                1875              


GLOBAL DATA SYMBOLS: SORTED BY DATA PAGE

address     data page           name
--------    ----------------    ----
00000050       1 (00000040)     __stack

00000880      22 (00000880)     _DevEmuRegs

00000985      26 (00000980)     _SysPwrCtrlRegs

00000a80      2a (00000a80)     _FlashRegs

00000ae0      2b (00000ac0)     _CsmRegs

00000b00      2c (00000b00)     _AdcResult

00000c00      30 (00000c00)     _CpuTimer0Regs
00000c08      30 (00000c00)     _CpuTimer1Regs
00000c10      30 (00000c00)     _CpuTimer2Regs

00000ce0      33 (00000cc0)     _PieCtrlRegs

00000d00      34 (00000d00)     _EmuKey
00000d00      34 (00000d00)     _PieVectTable
00000d01      34 (00000d00)     _EmuBMode
00000d02      34 (00000d00)     _Flash_CallbackPtr
00000d04      34 (00000d00)     _Flash_CPUScaleFactor

00006400     190 (00006400)     _Comp1Regs
00006420     190 (00006400)     _Comp2Regs

00006800     1a0 (00006800)     _EPwm1Regs

00006840     1a1 (00006840)     _EPwm2Regs

00006880     1a2 (00006880)     _EPwm3Regs

000068c0     1a3 (000068c0)     _EPwm4Regs

00006a00     1a8 (00006a00)     _ECap1Regs

00006f80     1be (00006f80)     _GpioCtrlRegs

00006fc0     1bf (00006fc0)     _GpioDataRegs
00006fe0     1bf (00006fc0)     _GpioIntRegs

00007010     1c0 (00007000)     _SysCtrlRegs

00007040     1c1 (00007040)     _SpiaRegs
00007050     1c1 (00007040)     _SciaRegs
00007060     1c1 (00007040)     _NmiIntruptRegs
00007070     1c1 (00007040)     _XIntruptRegs

00007100     1c4 (00007100)     _AdcRegs

00007900     1e4 (00007900)     _I2caRegs

00008800     220 (00008800)     _temp
00008801     220 (00008800)     _XG_OFFSET_H
00008802     220 (00008800)     _XG_OFFSET_L
00008803     220 (00008800)     _YG_OFFSET_H
00008804     220 (00008800)     _YG_OFFSET_L
00008805     220 (00008800)     _ZG_OFFSET_H
00008806     220 (00008800)     _ZG_OFFSET_L
00008807     220 (00008800)     _SMPLRT_DIV
00008808     220 (00008800)     _CONFIG
00008809     220 (00008800)     _GYRO_CONFIG
0000880a     220 (00008800)     _ACCEL_CONFIG
0000880b     220 (00008800)     _ACCEL_CONFIG_2
0000880c     220 (00008800)     _LP_ACCEL_ODR
0000880d     220 (00008800)     _WOM_THR
0000880e     220 (00008800)     _FIFO_EN
0000880f     220 (00008800)     _I2C_MST_CTRL
00008810     220 (00008800)     _I2C_SLV0_ADDR
00008811     220 (00008800)     _I2C_SLV0_REG
00008812     220 (00008800)     _I2C_SLV0_CTRL
00008813     220 (00008800)     _I2C_SLV1_ADDR
00008814     220 (00008800)     _I2C_SLV1_REG
00008815     220 (00008800)     _I2C_SLV1_CTRL
00008816     220 (00008800)     _INT_ENABLE
00008817     220 (00008800)     _INT_STATUS
00008818     220 (00008800)     _I2C_SLV1_DO
00008819     220 (00008800)     _I2C_MST_DELAY_CTRL
0000881a     220 (00008800)     _USER_CTRL
0000881b     220 (00008800)     _PWR_MGMT_1
0000881c     220 (00008800)     _WHO_AM_I
0000881d     220 (00008800)     _XA_OFFSET_H
0000881e     220 (00008800)     _XA_OFFSET_L
0000881f     220 (00008800)     _YA_OFFSET_H
00008820     220 (00008800)     _YA_OFFSET_L
00008821     220 (00008800)     _ZA_OFFSET_H
00008822     220 (00008800)     _ZA_OFFSET_L
00008823     220 (00008800)     _UARTPrint
00008824     220 (00008800)     _numRXA
00008825     220 (00008800)     _Timer0Count
00008826     220 (00008800)     _ADC0raw
00008827     220 (00008800)     _ADC2raw
00008828     220 (00008800)     _AccelXraw
00008829     220 (00008800)     _AccelYraw
0000882a     220 (00008800)     _AccelZraw
0000882b     220 (00008800)     _gyroXraw
0000882c     220 (00008800)     _gyroYraw
0000882d     220 (00008800)     _gyroZraw
0000882e     220 (00008800)     _calibration_state
0000882f     220 (00008800)     _SPIenc_state
00008830     220 (00008800)     _SPI_Interrupt_Finished
00008832     220 (00008800)     _ADCcount
00008834     220 (00008800)     _accelx
00008836     220 (00008800)     _accely
00008838     220 (00008800)     _accelz
0000883a     220 (00008800)     _gyrox
0000883c     220 (00008800)     _gyroy
0000883e     220 (00008800)     _gyroz

00008840     221 (00008840)     _calibration_count
00008842     221 (00008840)     _accelx_offset
00008844     221 (00008840)     _accely_offset
00008846     221 (00008840)     _accelz_offset
00008848     221 (00008840)     _gyrox_offset
0000884a     221 (00008840)     _gyroy_offset
0000884c     221 (00008840)     _gyroz_offset
0000884e     221 (00008840)     _compass_angle
00008850     221 (00008840)     _max_mx
00008852     221 (00008840)     _min_mx
00008854     221 (00008840)     _max_my
00008856     221 (00008840)     _min_my
00008858     221 (00008840)     _max_mz
0000885a     221 (00008840)     _min_mz
0000885c     221 (00008840)     _mx_offset
0000885e     221 (00008840)     _my_offset
00008860     221 (00008840)     _mz_offset
00008862     221 (00008840)     _mx
00008864     221 (00008840)     _my
00008866     221 (00008840)     _mz
00008868     221 (00008840)     _mdg_beta
0000886a     221 (00008840)     _R11
0000886c     221 (00008840)     _R21
0000886e     221 (00008840)     _R31
00008870     221 (00008840)     _R32
00008872     221 (00008840)     _R33
00008874     221 (00008840)     _mpu_roll
00008876     221 (00008840)     _mpu_pitch
00008878     221 (00008840)     _roll_tilt
0000887a     221 (00008840)     _pitch_tilt
0000887c     221 (00008840)     _yaw_tilt
0000887e     221 (00008840)     _pitch_tiltrate

00008880     222 (00008880)     _roll_tiltrate
00008882     222 (00008880)     _yaw_tiltrate
00008884     222 (00008880)     _CpuTimer0
0000888c     222 (00008880)     _CpuTimer1
00008894     222 (00008880)     _CpuTimer2
0000889c     222 (00008880)     _q0
0000889e     222 (00008880)     _q1
000088a0     222 (00008880)     _q2
000088a2     222 (00008880)     _q3
000088a4     222 (00008880)     _DotQuaternions
000088ac     222 (00008880)     _Quaternions
000088b4     222 (00008880)     ___TI_enable_exit_profile_output
000088b6     222 (00008880)     ___TI_cleanup_ptr
000088b8     222 (00008880)     ___TI_dtors_ptr
000088ba     222 (00008880)     _readdata
000088be     222 (00008880)     __lock

000088c0     223 (000088c0)     _SerialA

00008934     224 (00008900)     __unlock
00008936     224 (00008900)     _errno

003d7fff    f5ff (003d7fc0)     _PartIdRegs

003f6000    fd80 (003f6000)     _PieVectTableInit

003f7ff8    fdff (003f7fc0)     _CsmPwl


GLOBAL SYMBOLS: SORTED ALPHABETICALLY BY Name 

page  address   name                            
----  -------   ----                            
abs   ffffffff  .text                           
0     003f7ed6  C$$EXIT                         
0     003f79d6  FD$$ADD                         
0     003f7e82  FD$$CMP                         
0     003f7a72  FD$$DIV                         
0     003f7afd  FD$$MPY                         
0     003f2191  FD$$NEG                         
0     003f2178  FD$$SUB                         
0     003f2024  FD$$TOI                         
0     003f2045  FD$$TOL                         
0     003f7c08  FS$$ADD                         
0     003f2140  FS$$CMP                         
0     003f7b80  FS$$DIV                         
0     003f7d63  FS$$MPY                         
0     003f21b1  FS$$NEG                         
0     003f7c03  FS$$SUB                         
0     003f20bc  FS$$TOFD                        
0     003f7eff  FS$$TOL                         
0     003f2082  I$$TOFD                         
0     003f210e  I$$TOFS                         
0     003f7eac  L$$DIV                          
0     003f7ebb  L$$MOD                          
0     003f20d8  L$$TOFD                         
0     003f2128  LL$$AND                         
0     003f2064  LL$$CMP                         
0     003f76e7  LL$$DIV                         
0     003f7723  LL$$MOD                         
0     003f2130  LL$$OR                          
0     003f2138  LL$$XOR                         
0     003f2186  U$$DIV                          
0     003f218b  U$$MOD                          
0     003f7ec9  UL$$DIV                         
0     003f7ed0  UL$$MOD                         
0     003f2076  ULL$$CMP                        
0     003f775d  ULL$$DIV                        
0     003f778c  ULL$$MOD                        
1     0000880a  _ACCEL_CONFIG                   
1     0000880b  _ACCEL_CONFIG_2                 
1     00008826  _ADC0raw                        
1     00008827  _ADC2raw                        
0     003f784d  _ADCINT1_ISR                    
0     003f7852  _ADCINT2_ISR                    
0     003f78bb  _ADCINT3_ISR                    
0     003f78c0  _ADCINT4_ISR                    
0     003f78c5  _ADCINT5_ISR                    
0     003f78ca  _ADCINT6_ISR                    
0     003f78cf  _ADCINT7_ISR                    
0     003f78d4  _ADCINT8_ISR                    
0     003f7861  _ADCINT9_ISR                    
1     00008832  _ADCcount                       
1     00008828  _AccelXraw                      
1     00008829  _AccelYraw                      
1     0000882a  _AccelZraw                      
0     003f6fa8  _AdcChanSelect                  
0     003f701d  _AdcConversion                  
0     003f6f81  _AdcOffsetSelfCal               
1     00007100  _AdcRegs                        
1     00000b00  _AdcResult                      
1     00008808  _CONFIG                         
1     00006400  _Comp1Regs                      
1     00006420  _Comp2Regs                      
0     003f7d31  _ConfigCpuTimer                 
1     00008884  _CpuTimer0                      
1     00000c00  _CpuTimer0Regs                  
1     0000888c  _CpuTimer1                      
1     00000c08  _CpuTimer1Regs                  
1     00008894  _CpuTimer2                      
1     00000c10  _CpuTimer2Regs                  
1     003f7ff8  _CsmPwl                         
1     00000ae0  _CsmRegs                        
0     003f7548  _CsmUnlock                      
0     003f77f8  _DATALOG_ISR                    
0     000080da  _DSP28x_usDelay                 
1     00000880  _DevEmuRegs                     
0     003f74b9  _DisableDog                     
1     000088a4  _DotQuaternions                 
0     003f7898  _ECAP1_INT_ISR                  
1     00006a00  _ECap1Regs                      
0     003f78de  _EMPTY_ISR                      
0     003f7802  _EMUINT_ISR                     
0     003f7884  _EPWM1_INT_ISR                  
0     003f7870  _EPWM1_TZINT_ISR                
0     003f7889  _EPWM2_INT_ISR                  
0     003f7875  _EPWM2_TZINT_ISR                
0     003f788e  _EPWM3_INT_ISR                  
0     003f787a  _EPWM3_TZINT_ISR                
0     003f7893  _EPWM4_INT_ISR                  
0     003f787f  _EPWM4_TZINT_ISR                
1     00006800  _EPwm1Regs                      
1     00006840  _EPwm2Regs                      
1     00006880  _EPwm3Regs                      
1     000068c0  _EPwm4Regs                      
1     00000d01  _EmuBMode                       
1     00000d00  _EmuKey                         
0     003f7f47  _EnableInterrupts               
0     003f75b9  _ExtOscSel                      
1     0000880e  _FIFO_EN                        
1     00000a80  _FlashRegs                      
1     00000d04  _Flash_CPUScaleFactor           
1     00000d02  _Flash_CallbackPtr              
1     00008809  _GYRO_CONFIG                    
1     00006f80  _GpioCtrlRegs                   
1     00006fc0  _GpioDataRegs                   
1     00006fe0  _GpioIntRegs                    
0     003f78a7  _I2CINT1A_ISR                   
0     003f78ac  _I2CINT2A_ISR                   
1     0000880f  _I2C_MST_CTRL                   
1     00008819  _I2C_MST_DELAY_CTRL             
1     00008810  _I2C_SLV0_ADDR                  
1     00008812  _I2C_SLV0_CTRL                  
1     00008811  _I2C_SLV0_REG                   
1     00008813  _I2C_SLV1_ADDR                  
1     00008815  _I2C_SLV1_CTRL                  
1     00008818  _I2C_SLV1_DO                    
1     00008814  _I2C_SLV1_REG                   
1     00007900  _I2caRegs                       
0     003f780c  _ILLEGAL_ISR                    
0     003f77ee  _INT13_ISR                      
0     003f77f3  _INT14_ISR                      
1     00008816  _INT_ENABLE                     
1     00008817  _INT_STATUS                     
0     003f6f40  _InitAdc                        
0     003f6f5f  _InitAdcAio                     
0     003f7cf0  _InitCpuTimers                  
0     003f7516  _InitPeripheralClocks           
0     003f7f28  _InitPieCtrl                    
0     003f7f50  _InitPieVectTable               
0     003f74c1  _InitPll                        
0     003f20f4  _InitSci                        
0     003f20f5  _InitSciGpio                    
0     003f20f8  _InitSciaGpio                   
0     003f7e11  _InitSpi                        
0     003f7e2a  _InitSpiGpio                    
0     003f7e2d  _InitSpiaGpio                   
0     003f7495  _InitSysCtrl                    
0     003f7579  _IntOsc1Sel                     
0     003f7589  _IntOsc2Sel                     
1     0000880c  _LP_ACCEL_ODR                   
0     003f6bf0  _MadgwickAHRSupdateIMU          
0     003f7807  _NMI_ISR                        
1     00007060  _NmiIntruptRegs                 
0     003f78e3  _PIE_RESERVED                   
1     0000881b  _PWR_MGMT_1                     
1     003d7fff  _PartIdRegs                     
1     00000ce0  _PieCtrlRegs                    
1     00000d00  _PieVectTable                   
0     003f6000  _PieVectTableInit               
1     000088ac  _Quaternions                    
1     0000886a  _R11                            
1     0000886c  _R21                            
1     0000886e  _R31                            
1     00008870  _R32                            
1     00008872  _R33                            
0     003f77fd  _RTOSINT_ISR                    
0     00008050  _RXAINT_recv_ready              
abs   000000de  _RamfuncsLoadSize               
0     003f61bc  _RamfuncsLoadStart              
0     00008000  _RamfuncsRunStart               
0     003f78b1  _SCIRXINTA_ISR                  
0     003f78b6  _SCITXINTA_ISR                  
1     00008807  _SMPLRT_DIV                     
0     003f789d  _SPIRXINTA_ISR                  
0     003f78a2  _SPITXINTA_ISR                  
1     00008830  _SPI_Interrupt_Finished         
0     003f6309  _SPI_RXint                      
1     0000882f  _SPIenc_state                   
1     00007050  _SciaRegs                       
1     000088c0  _SerialA                        
0     003f74af  _ServiceDog                     
1     00007040  _SpiaRegs                       
1     00007010  _SysCtrlRegs                    
1     00000985  _SysPwrCtrlRegs                 
0     003f7866  _TINT0_ISR                      
0     00008000  _TXAINT_data_sent               
1     00008825  _Timer0Count                    
1     00008823  _UARTPrint                      
0     003f783e  _USER10_ISR                     
0     003f7843  _USER11_ISR                     
0     003f7848  _USER12_ISR                     
0     003f7811  _USER1_ISR                      
0     003f7816  _USER2_ISR                      
0     003f781b  _USER3_ISR                      
0     003f7820  _USER4_ISR                      
0     003f7825  _USER5_ISR                      
0     003f782a  _USER6_ISR                      
0     003f782f  _USER7_ISR                      
0     003f7834  _USER8_ISR                      
0     003f7839  _USER9_ISR                      
1     0000881a  _USER_CTRL                      
0     003f786b  _WAKEINT_ISR                    
1     0000881c  _WHO_AM_I                       
1     0000880d  _WOM_THR                        
1     0000881d  _XA_OFFSET_H                    
1     0000881e  _XA_OFFSET_L                    
1     00008801  _XG_OFFSET_H                    
1     00008802  _XG_OFFSET_L                    
0     003f7857  _XINT1_ISR                      
0     003f785c  _XINT2_ISR                      
0     003f78d9  _XINT3_ISR                      
1     00007070  _XIntruptRegs                   
0     003f759d  _XtalOscSel                     
1     0000881f  _YA_OFFSET_H                    
1     00008820  _YA_OFFSET_L                    
1     00008803  _YG_OFFSET_H                    
1     00008804  _YG_OFFSET_L                    
1     00008821  _ZA_OFFSET_H                    
1     00008822  _ZA_OFFSET_L                    
1     00008805  _ZG_OFFSET_H                    
1     00008806  _ZG_OFFSET_L                    
1     00000250  __STACK_END                     
abs   00000200  __STACK_SIZE                    
1     000088b6  ___TI_cleanup_ptr               
1     000088b8  ___TI_dtors_ptr                 
1     000088b4  ___TI_enable_exit_profile_output
abs   ffffffff  ___TI_pprof_out_hndl            
0     003f7282  ___TI_printfi_minimal           
abs   ffffffff  ___TI_prof_data_size            
abs   ffffffff  ___TI_prof_data_start           
abs   ffffffff  ___binit__                      
abs   ffffffff  ___c_args__                     
0     003f21bd  ___cinit__                      
abs   ffffffff  ___etext__                      
abs   ffffffff  ___pinit__                      
abs   ffffffff  ___text__                       
0     003f2157  __args_main                     
1     000088be  __lock                          
0     003f7f7e  __nop                           
0     003f7f7a  __register_lock                 
0     003f7f76  __register_unlock               
1     00000050  __stack                         
0     003f7f7f  __system_post_cinit             
0     003f21bb  __system_pre_init               
1     00008934  __unlock                        
0     003f7ed6  _abort                          
1     00008834  _accelx                         
1     00008842  _accelx_offset                  
1     00008836  _accely                         
1     00008844  _accely_offset                  
1     00008838  _accelz                         
1     00008846  _accelz_offset                  
0     003f629a  _adc_isr                        
0     003f75cf  _atan                           
0     003f78ed  _atan2                          
0     003f78ed  _atan2f                         
0     003f75cf  _atanf                          
0     003f7dbd  _c_int00                        
1     00008840  _calibration_count              
1     0000882e  _calibration_state              
1     0000884e  _compass_angle                  
0     003f2000  _copy_in                        
0     003f62e0  _cpu_timer0_isr                 
0     003f62f2  _cpu_timer1_isr                 
0     003f62fd  _cpu_timer2_isr                 
1     00008936  _errno                          
0     003f7ed8  _exit                           
1     0000882b  _gyroXraw                       
1     0000882c  _gyroYraw                       
1     0000882d  _gyroZraw                       
1     0000883a  _gyrox                          
1     00008848  _gyrox_offset                   
1     0000883c  _gyroy                          
1     0000884a  _gyroy_offset                   
1     0000883e  _gyroz                          
1     0000884c  _gyroz_offset                   
0     003f734b  _init_serial                    
0     003f6f15  _invSqrt                        
0     003f67a9  _main                           
1     00008850  _max_mx                         
1     00008854  _max_my                         
1     00008858  _max_mz                         
1     00008868  _mdg_beta                       
0     003f2168  _memccpy                        
0     003f209f  _memcpy                         
0     003f21aa  _memset                         
1     00008852  _min_mx                         
1     00008856  _min_my                         
1     0000885a  _min_mz                         
1     00008876  _mpu_pitch                      
1     00008874  _mpu_roll                       
1     00008862  _mx                             
1     0000885c  _mx_offset                      
1     00008864  _my                             
1     0000885e  _my_offset                      
1     00008866  _mz                             
1     00008860  _mz_offset                      
1     00008824  _numRXA                         
1     0000887a  _pitch_tilt                     
1     0000887e  _pitch_tiltrate                 
1     0000889c  _q0                             
1     0000889e  _q1                             
1     000088a0  _q2                             
1     000088a2  _q3                             
1     000088ba  _readdata                       
1     00008878  _roll_tilt                      
1     00008880  _roll_tiltrate                  
0     003f78e8  _rsvd_ISR                       
0     003f690f  _serialRXA                      
0     003f7477  _serial_printf                  
0     003f7446  _serial_send                    
0     003f6917  _setupSpia                      
0     003f7c7b  _sqrt                           
0     003f7c7b  _sqrtf                          
0     003f21b6  _strcpy                         
0     003f21a2  _strlen                         
1     00008800  _temp                           
0     003f7421  _uninit_serial                  
0     003f7e53  _vsprintf                       
1     0000887c  _yaw_tilt                       
1     00008882  _yaw_tiltrate                   
abs   ffffffff  binit                           
0     003f21bd  cinit                           
0     003f7ff6  code_start                      
abs   ffffffff  etext                           
abs   ffffffff  pinit                           


GLOBAL SYMBOLS: SORTED BY Symbol Address 

page  address   name                            
----  -------   ----                            
0     00008000  _RamfuncsRunStart               
0     00008000  _TXAINT_data_sent               
0     00008050  _RXAINT_recv_ready              
0     000080da  _DSP28x_usDelay                 
0     003f2000  _copy_in                        
0     003f2024  FD$$TOI                         
0     003f2045  FD$$TOL                         
0     003f2064  LL$$CMP                         
0     003f2076  ULL$$CMP                        
0     003f2082  I$$TOFD                         
0     003f209f  _memcpy                         
0     003f20bc  FS$$TOFD                        
0     003f20d8  L$$TOFD                         
0     003f20f4  _InitSci                        
0     003f20f5  _InitSciGpio                    
0     003f20f8  _InitSciaGpio                   
0     003f210e  I$$TOFS                         
0     003f2128  LL$$AND                         
0     003f2130  LL$$OR                          
0     003f2138  LL$$XOR                         
0     003f2140  FS$$CMP                         
0     003f2157  __args_main                     
0     003f2168  _memccpy                        
0     003f2178  FD$$SUB                         
0     003f2186  U$$DIV                          
0     003f218b  U$$MOD                          
0     003f2191  FD$$NEG                         
0     003f21a2  _strlen                         
0     003f21aa  _memset                         
0     003f21b1  FS$$NEG                         
0     003f21b6  _strcpy                         
0     003f21bb  __system_pre_init               
0     003f21bd  ___cinit__                      
0     003f21bd  cinit                           
0     003f6000  _PieVectTableInit               
0     003f61bc  _RamfuncsLoadStart              
0     003f629a  _adc_isr                        
0     003f62e0  _cpu_timer0_isr                 
0     003f62f2  _cpu_timer1_isr                 
0     003f62fd  _cpu_timer2_isr                 
0     003f6309  _SPI_RXint                      
0     003f67a9  _main                           
0     003f690f  _serialRXA                      
0     003f6917  _setupSpia                      
0     003f6bf0  _MadgwickAHRSupdateIMU          
0     003f6f15  _invSqrt                        
0     003f6f40  _InitAdc                        
0     003f6f5f  _InitAdcAio                     
0     003f6f81  _AdcOffsetSelfCal               
0     003f6fa8  _AdcChanSelect                  
0     003f701d  _AdcConversion                  
0     003f7282  ___TI_printfi_minimal           
0     003f734b  _init_serial                    
0     003f7421  _uninit_serial                  
0     003f7446  _serial_send                    
0     003f7477  _serial_printf                  
0     003f7495  _InitSysCtrl                    
0     003f74af  _ServiceDog                     
0     003f74b9  _DisableDog                     
0     003f74c1  _InitPll                        
0     003f7516  _InitPeripheralClocks           
0     003f7548  _CsmUnlock                      
0     003f7579  _IntOsc1Sel                     
0     003f7589  _IntOsc2Sel                     
0     003f759d  _XtalOscSel                     
0     003f75b9  _ExtOscSel                      
0     003f75cf  _atan                           
0     003f75cf  _atanf                          
0     003f76e7  LL$$DIV                         
0     003f7723  LL$$MOD                         
0     003f775d  ULL$$DIV                        
0     003f778c  ULL$$MOD                        
0     003f77ee  _INT13_ISR                      
0     003f77f3  _INT14_ISR                      
0     003f77f8  _DATALOG_ISR                    
0     003f77fd  _RTOSINT_ISR                    
0     003f7802  _EMUINT_ISR                     
0     003f7807  _NMI_ISR                        
0     003f780c  _ILLEGAL_ISR                    
0     003f7811  _USER1_ISR                      
0     003f7816  _USER2_ISR                      
0     003f781b  _USER3_ISR                      
0     003f7820  _USER4_ISR                      
0     003f7825  _USER5_ISR                      
0     003f782a  _USER6_ISR                      
0     003f782f  _USER7_ISR                      
0     003f7834  _USER8_ISR                      
0     003f7839  _USER9_ISR                      
0     003f783e  _USER10_ISR                     
0     003f7843  _USER11_ISR                     
0     003f7848  _USER12_ISR                     
0     003f784d  _ADCINT1_ISR                    
0     003f7852  _ADCINT2_ISR                    
0     003f7857  _XINT1_ISR                      
0     003f785c  _XINT2_ISR                      
0     003f7861  _ADCINT9_ISR                    
0     003f7866  _TINT0_ISR                      
0     003f786b  _WAKEINT_ISR                    
0     003f7870  _EPWM1_TZINT_ISR                
0     003f7875  _EPWM2_TZINT_ISR                
0     003f787a  _EPWM3_TZINT_ISR                
0     003f787f  _EPWM4_TZINT_ISR                
0     003f7884  _EPWM1_INT_ISR                  
0     003f7889  _EPWM2_INT_ISR                  
0     003f788e  _EPWM3_INT_ISR                  
0     003f7893  _EPWM4_INT_ISR                  
0     003f7898  _ECAP1_INT_ISR                  
0     003f789d  _SPIRXINTA_ISR                  
0     003f78a2  _SPITXINTA_ISR                  
0     003f78a7  _I2CINT1A_ISR                   
0     003f78ac  _I2CINT2A_ISR                   
0     003f78b1  _SCIRXINTA_ISR                  
0     003f78b6  _SCITXINTA_ISR                  
0     003f78bb  _ADCINT3_ISR                    
0     003f78c0  _ADCINT4_ISR                    
0     003f78c5  _ADCINT5_ISR                    
0     003f78ca  _ADCINT6_ISR                    
0     003f78cf  _ADCINT7_ISR                    
0     003f78d4  _ADCINT8_ISR                    
0     003f78d9  _XINT3_ISR                      
0     003f78de  _EMPTY_ISR                      
0     003f78e3  _PIE_RESERVED                   
0     003f78e8  _rsvd_ISR                       
0     003f78ed  _atan2                          
0     003f78ed  _atan2f                         
0     003f79d6  FD$$ADD                         
0     003f7a72  FD$$DIV                         
0     003f7afd  FD$$MPY                         
0     003f7b80  FS$$DIV                         
0     003f7c03  FS$$SUB                         
0     003f7c08  FS$$ADD                         
0     003f7c7b  _sqrt                           
0     003f7c7b  _sqrtf                          
0     003f7cf0  _InitCpuTimers                  
0     003f7d31  _ConfigCpuTimer                 
0     003f7d63  FS$$MPY                         
0     003f7dbd  _c_int00                        
0     003f7e11  _InitSpi                        
0     003f7e2a  _InitSpiGpio                    
0     003f7e2d  _InitSpiaGpio                   
0     003f7e53  _vsprintf                       
0     003f7e82  FD$$CMP                         
0     003f7eac  L$$DIV                          
0     003f7ebb  L$$MOD                          
0     003f7ec9  UL$$DIV                         
0     003f7ed0  UL$$MOD                         
0     003f7ed6  C$$EXIT                         
0     003f7ed6  _abort                          
0     003f7ed8  _exit                           
0     003f7eff  FS$$TOL                         
0     003f7f28  _InitPieCtrl                    
0     003f7f47  _EnableInterrupts               
0     003f7f50  _InitPieVectTable               
0     003f7f76  __register_unlock               
0     003f7f7a  __register_lock                 
0     003f7f7e  __nop                           
0     003f7f7f  __system_post_cinit             
0     003f7ff6  code_start                      
1     00000050  __stack                         
1     00000250  __STACK_END                     
1     00000880  _DevEmuRegs                     
1     00000985  _SysPwrCtrlRegs                 
1     00000a80  _FlashRegs                      
1     00000ae0  _CsmRegs                        
1     00000b00  _AdcResult                      
1     00000c00  _CpuTimer0Regs                  
1     00000c08  _CpuTimer1Regs                  
1     00000c10  _CpuTimer2Regs                  
1     00000ce0  _PieCtrlRegs                    
1     00000d00  _EmuKey                         
1     00000d00  _PieVectTable                   
1     00000d01  _EmuBMode                       
1     00000d02  _Flash_CallbackPtr              
1     00000d04  _Flash_CPUScaleFactor           
1     00006400  _Comp1Regs                      
1     00006420  _Comp2Regs                      
1     00006800  _EPwm1Regs                      
1     00006840  _EPwm2Regs                      
1     00006880  _EPwm3Regs                      
1     000068c0  _EPwm4Regs                      
1     00006a00  _ECap1Regs                      
1     00006f80  _GpioCtrlRegs                   
1     00006fc0  _GpioDataRegs                   
1     00006fe0  _GpioIntRegs                    
1     00007010  _SysCtrlRegs                    
1     00007040  _SpiaRegs                       
1     00007050  _SciaRegs                       
1     00007060  _NmiIntruptRegs                 
1     00007070  _XIntruptRegs                   
1     00007100  _AdcRegs                        
1     00007900  _I2caRegs                       
1     00008800  _temp                           
1     00008801  _XG_OFFSET_H                    
1     00008802  _XG_OFFSET_L                    
1     00008803  _YG_OFFSET_H                    
1     00008804  _YG_OFFSET_L                    
1     00008805  _ZG_OFFSET_H                    
1     00008806  _ZG_OFFSET_L                    
1     00008807  _SMPLRT_DIV                     
1     00008808  _CONFIG                         
1     00008809  _GYRO_CONFIG                    
1     0000880a  _ACCEL_CONFIG                   
1     0000880b  _ACCEL_CONFIG_2                 
1     0000880c  _LP_ACCEL_ODR                   
1     0000880d  _WOM_THR                        
1     0000880e  _FIFO_EN                        
1     0000880f  _I2C_MST_CTRL                   
1     00008810  _I2C_SLV0_ADDR                  
1     00008811  _I2C_SLV0_REG                   
1     00008812  _I2C_SLV0_CTRL                  
1     00008813  _I2C_SLV1_ADDR                  
1     00008814  _I2C_SLV1_REG                   
1     00008815  _I2C_SLV1_CTRL                  
1     00008816  _INT_ENABLE                     
1     00008817  _INT_STATUS                     
1     00008818  _I2C_SLV1_DO                    
1     00008819  _I2C_MST_DELAY_CTRL             
1     0000881a  _USER_CTRL                      
1     0000881b  _PWR_MGMT_1                     
1     0000881c  _WHO_AM_I                       
1     0000881d  _XA_OFFSET_H                    
1     0000881e  _XA_OFFSET_L                    
1     0000881f  _YA_OFFSET_H                    
1     00008820  _YA_OFFSET_L                    
1     00008821  _ZA_OFFSET_H                    
1     00008822  _ZA_OFFSET_L                    
1     00008823  _UARTPrint                      
1     00008824  _numRXA                         
1     00008825  _Timer0Count                    
1     00008826  _ADC0raw                        
1     00008827  _ADC2raw                        
1     00008828  _AccelXraw                      
1     00008829  _AccelYraw                      
1     0000882a  _AccelZraw                      
1     0000882b  _gyroXraw                       
1     0000882c  _gyroYraw                       
1     0000882d  _gyroZraw                       
1     0000882e  _calibration_state              
1     0000882f  _SPIenc_state                   
1     00008830  _SPI_Interrupt_Finished         
1     00008832  _ADCcount                       
1     00008834  _accelx                         
1     00008836  _accely                         
1     00008838  _accelz                         
1     0000883a  _gyrox                          
1     0000883c  _gyroy                          
1     0000883e  _gyroz                          
1     00008840  _calibration_count              
1     00008842  _accelx_offset                  
1     00008844  _accely_offset                  
1     00008846  _accelz_offset                  
1     00008848  _gyrox_offset                   
1     0000884a  _gyroy_offset                   
1     0000884c  _gyroz_offset                   
1     0000884e  _compass_angle                  
1     00008850  _max_mx                         
1     00008852  _min_mx                         
1     00008854  _max_my                         
1     00008856  _min_my                         
1     00008858  _max_mz                         
1     0000885a  _min_mz                         
1     0000885c  _mx_offset                      
1     0000885e  _my_offset                      
1     00008860  _mz_offset                      
1     00008862  _mx                             
1     00008864  _my                             
1     00008866  _mz                             
1     00008868  _mdg_beta                       
1     0000886a  _R11                            
1     0000886c  _R21                            
1     0000886e  _R31                            
1     00008870  _R32                            
1     00008872  _R33                            
1     00008874  _mpu_roll                       
1     00008876  _mpu_pitch                      
1     00008878  _roll_tilt                      
1     0000887a  _pitch_tilt                     
1     0000887c  _yaw_tilt                       
1     0000887e  _pitch_tiltrate                 
1     00008880  _roll_tiltrate                  
1     00008882  _yaw_tiltrate                   
1     00008884  _CpuTimer0                      
1     0000888c  _CpuTimer1                      
1     00008894  _CpuTimer2                      
1     0000889c  _q0                             
1     0000889e  _q1                             
1     000088a0  _q2                             
1     000088a2  _q3                             
1     000088a4  _DotQuaternions                 
1     000088ac  _Quaternions                    
1     000088b4  ___TI_enable_exit_profile_output
1     000088b6  ___TI_cleanup_ptr               
1     000088b8  ___TI_dtors_ptr                 
1     000088ba  _readdata                       
1     000088be  __lock                          
1     000088c0  _SerialA                        
1     00008934  __unlock                        
1     00008936  _errno                          
1     003d7fff  _PartIdRegs                     
1     003f7ff8  _CsmPwl                         
abs   000000de  _RamfuncsLoadSize               
abs   00000200  __STACK_SIZE                    
abs   ffffffff  .text                           
abs   ffffffff  ___TI_pprof_out_hndl            
abs   ffffffff  ___TI_prof_data_size            
abs   ffffffff  ___TI_prof_data_start           
abs   ffffffff  ___binit__                      
abs   ffffffff  ___c_args__                     
abs   ffffffff  ___etext__                      
abs   ffffffff  ___pinit__                      
abs   ffffffff  ___text__                       
abs   ffffffff  binit                           
abs   ffffffff  etext                           
abs   ffffffff  pinit                           

[314 symbols]
